<?xml version="1.0"?>
<link_info>
   <banner>TI ARM Linker PC v5.2.5</banner>
   <copyright>Copyright (c) 1996-2015 Texas Instruments Incorporated</copyright>
   <link_time>0x5fe13d43</link_time>
   <link_errors>0x0</link_errors>
   <output_file>TFT_TOUCH.out</output_file>
   <entry_point>
      <name>_c_int00</name>
      <address>0x5a689</address>
   </entry_point>
   <input_file_list>
      <input_file id="fl-2">
         <path>.\</path>
         <kind>object</kind>
         <file>KalmanFilter.obj</file>
         <name>KalmanFilter.obj</name>
      </input_file>
      <input_file id="fl-3">
         <path>.\</path>
         <kind>object</kind>
         <file>TFT_Touch.obj</file>
         <name>TFT_Touch.obj</name>
      </input_file>
      <input_file id="fl-4">
         <path>.\</path>
         <kind>object</kind>
         <file>TFT_timer.obj</file>
         <name>TFT_timer.obj</name>
      </input_file>
      <input_file id="fl-5">
         <path>.\</path>
         <kind>object</kind>
         <file>tm4c1294ncpdt_startup_ccs.obj</file>
         <name>tm4c1294ncpdt_startup_ccs.obj</name>
      </input_file>
      <input_file id="fl-6">
         <path>.\</path>
         <kind>object</kind>
         <file>uartstdio.obj</file>
         <name>uartstdio.obj</name>
      </input_file>
      <input_file id="fl-7">
         <path>.\EPIinit\</path>
         <kind>object</kind>
         <file>EPIinit.obj</file>
         <name>EPIinit.obj</name>
      </input_file>
      <input_file id="fl-8">
         <path>.\TFTinit\</path>
         <kind>object</kind>
         <file>TFT_400x240_OTM4001A_16bit.obj</file>
         <name>TFT_400x240_OTM4001A_16bit.obj</name>
      </input_file>
      <input_file id="fl-9">
         <path>.\TOUCHinit\</path>
         <kind>object</kind>
         <file>TOUCH_TSC2046.obj</file>
         <name>TOUCH_TSC2046.obj</name>
      </input_file>
      <input_file id="fl-130">
         <path>C:\ti\ccsv6\tools\compiler\ti-cgt-arm_5.2.5\lib\</path>
         <kind>archive</kind>
         <file>rtsv7M4_T_le_v4SPD16_eabi.lib</file>
         <name>_lock.obj</name>
      </input_file>
      <input_file id="fl-131">
         <path>C:\ti\ccsv6\tools\compiler\ti-cgt-arm_5.2.5\lib\</path>
         <kind>archive</kind>
         <file>rtsv7M4_T_le_v4SPD16_eabi.lib</file>
         <name>boot.obj</name>
      </input_file>
      <input_file id="fl-132">
         <path>C:\ti\ccsv6\tools\compiler\ti-cgt-arm_5.2.5\lib\</path>
         <kind>archive</kind>
         <file>rtsv7M4_T_le_v4SPD16_eabi.lib</file>
         <name>copy_decompress_none.obj</name>
      </input_file>
      <input_file id="fl-133">
         <path>C:\ti\ccsv6\tools\compiler\ti-cgt-arm_5.2.5\lib\</path>
         <kind>archive</kind>
         <file>rtsv7M4_T_le_v4SPD16_eabi.lib</file>
         <name>copy_decompress_rle.obj</name>
      </input_file>
      <input_file id="fl-134">
         <path>C:\ti\ccsv6\tools\compiler\ti-cgt-arm_5.2.5\lib\</path>
         <kind>archive</kind>
         <file>rtsv7M4_T_le_v4SPD16_eabi.lib</file>
         <name>copy_zero_init.obj</name>
      </input_file>
      <input_file id="fl-135">
         <path>C:\ti\ccsv6\tools\compiler\ti-cgt-arm_5.2.5\lib\</path>
         <kind>archive</kind>
         <file>rtsv7M4_T_le_v4SPD16_eabi.lib</file>
         <name>exit.obj</name>
      </input_file>
      <input_file id="fl-136">
         <path>C:\ti\ccsv6\tools\compiler\ti-cgt-arm_5.2.5\lib\</path>
         <kind>archive</kind>
         <file>rtsv7M4_T_le_v4SPD16_eabi.lib</file>
         <name>fd_div_t2.obj</name>
      </input_file>
      <input_file id="fl-137">
         <path>C:\ti\ccsv6\tools\compiler\ti-cgt-arm_5.2.5\lib\</path>
         <kind>archive</kind>
         <file>rtsv7M4_T_le_v4SPD16_eabi.lib</file>
         <name>fd_mul_t2.obj</name>
      </input_file>
      <input_file id="fl-138">
         <path>C:\ti\ccsv6\tools\compiler\ti-cgt-arm_5.2.5\lib\</path>
         <kind>archive</kind>
         <file>rtsv7M4_T_le_v4SPD16_eabi.lib</file>
         <name>fd_tos_t2.obj</name>
      </input_file>
      <input_file id="fl-139">
         <path>C:\ti\ccsv6\tools\compiler\ti-cgt-arm_5.2.5\lib\</path>
         <kind>archive</kind>
         <file>rtsv7M4_T_le_v4SPD16_eabi.lib</file>
         <name>memcpy_t2.obj</name>
      </input_file>
      <input_file id="fl-13a">
         <path>C:\ti\ccsv6\tools\compiler\ti-cgt-arm_5.2.5\lib\</path>
         <kind>archive</kind>
         <file>rtsv7M4_T_le_v4SPD16_eabi.lib</file>
         <name>memset_t2.obj</name>
      </input_file>
      <input_file id="fl-13b">
         <path>C:\ti\ccsv6\tools\compiler\ti-cgt-arm_5.2.5\lib\</path>
         <kind>archive</kind>
         <file>rtsv7M4_T_le_v4SPD16_eabi.lib</file>
         <name>pre_init.obj</name>
      </input_file>
      <input_file id="fl-13c">
         <path>C:\ti\ccsv6\tools\compiler\ti-cgt-arm_5.2.5\lib\</path>
         <kind>archive</kind>
         <file>rtsv7M4_T_le_v4SPD16_eabi.lib</file>
         <name>stkdepth_vars.obj</name>
      </input_file>
      <input_file id="fl-13d">
         <path>C:\ti\ccsv6\tools\compiler\ti-cgt-arm_5.2.5\lib\</path>
         <kind>archive</kind>
         <file>rtsv7M4_T_le_v4SPD16_eabi.lib</file>
         <name>u_divt2.obj</name>
      </input_file>
      <input_file id="fl-13e">
         <path>C:\ti\ccsv6\tools\compiler\ti-cgt-arm_5.2.5\lib\</path>
         <kind>archive</kind>
         <file>rtsv7M4_T_le_v4SPD16_eabi.lib</file>
         <name>u_tofd_t2.obj</name>
      </input_file>
      <input_file id="fl-13f">
         <path>C:\ti\ccsv6\tools\compiler\ti-cgt-arm_5.2.5\lib\</path>
         <kind>archive</kind>
         <file>rtsv7M4_T_le_v4SPD16_eabi.lib</file>
         <name>args_main.obj</name>
      </input_file>
      <input_file id="fl-140">
         <path>C:\ti\ccsv6\tools\compiler\ti-cgt-arm_5.2.5\lib\</path>
         <kind>archive</kind>
         <file>rtsv7M4_T_le_v4SPD16_eabi.lib</file>
         <name>autoinit.obj</name>
      </input_file>
      <input_file id="fl-141">
         <path>C:\ti\ccsv6\tools\compiler\ti-cgt-arm_5.2.5\lib\</path>
         <kind>archive</kind>
         <file>rtsv7M4_T_le_v4SPD16_eabi.lib</file>
         <name>cpy_tbl.obj</name>
      </input_file>
      <input_file id="fl-142">
         <path>C:\ti\ccsv6\tools\compiler\ti-cgt-arm_5.2.5\lib\</path>
         <kind>archive</kind>
         <file>rtsv7M4_T_le_v4SPD16_eabi.lib</file>
         <name>i_div0.obj</name>
      </input_file>
      <input_file id="fl-143">
         <path>C:\ti\TivaWare_C_Series-2.1.0.12573\driverlib\ccs\Debug\</path>
         <kind>archive</kind>
         <file>driverlib.lib</file>
         <name>uart.obj</name>
      </input_file>
      <input_file id="fl-144">
         <path>C:\ti\TivaWare_C_Series-2.1.0.12573\driverlib\ccs\Debug\</path>
         <kind>archive</kind>
         <file>driverlib.lib</file>
         <name>timer.obj</name>
      </input_file>
      <input_file id="fl-145">
         <path>C:\ti\TivaWare_C_Series-2.1.0.12573\driverlib\ccs\Debug\</path>
         <kind>archive</kind>
         <file>driverlib.lib</file>
         <name>systick.obj</name>
      </input_file>
      <input_file id="fl-146">
         <path>C:\ti\TivaWare_C_Series-2.1.0.12573\driverlib\ccs\Debug\</path>
         <kind>archive</kind>
         <file>driverlib.lib</file>
         <name>sysctl.obj</name>
      </input_file>
      <input_file id="fl-147">
         <path>C:\ti\TivaWare_C_Series-2.1.0.12573\driverlib\ccs\Debug\</path>
         <kind>archive</kind>
         <file>driverlib.lib</file>
         <name>ssi.obj</name>
      </input_file>
      <input_file id="fl-148">
         <path>C:\ti\TivaWare_C_Series-2.1.0.12573\driverlib\ccs\Debug\</path>
         <kind>archive</kind>
         <file>driverlib.lib</file>
         <name>interrupt.obj</name>
      </input_file>
      <input_file id="fl-149">
         <path>C:\ti\TivaWare_C_Series-2.1.0.12573\driverlib\ccs\Debug\</path>
         <kind>archive</kind>
         <file>driverlib.lib</file>
         <name>gpio.obj</name>
      </input_file>
      <input_file id="fl-14a">
         <path>C:\ti\TivaWare_C_Series-2.1.0.12573\driverlib\ccs\Debug\</path>
         <kind>archive</kind>
         <file>driverlib.lib</file>
         <name>fpu.obj</name>
      </input_file>
      <input_file id="fl-14b">
         <path>C:\ti\TivaWare_C_Series-2.1.0.12573\driverlib\ccs\Debug\</path>
         <kind>archive</kind>
         <file>driverlib.lib</file>
         <name>epi.obj</name>
      </input_file>
      <input_file id="fl-14c">
         <path>C:\ti\TivaWare_C_Series-2.1.0.12573\driverlib\ccs\Debug\</path>
         <kind>archive</kind>
         <file>driverlib.lib</file>
         <name>cpu.obj</name>
      </input_file>
      <input_file id="fl-14d">
         <path>C:\ti\TivaWare_C_Series-2.1.0.12573\driverlib\ccs\Debug\</path>
         <kind>archive</kind>
         <file>driverlib.lib</file>
         <name>adc.obj</name>
      </input_file>
   </input_file_list>
   <object_component_list>
      <object_component id="oc-f">
         <name>.intvecs</name>
         <load_address>0x0</load_address>
         <run_address>0x0</run_address>
         <size>0x208</size>
         <input_file_ref idref="fl-5"/>
      </object_component>
      <object_component id="oc-30">
         <name>.text</name>
         <load_address>0x56788</load_address>
         <run_address>0x56788</run_address>
         <size>0x19a4</size>
         <input_file_ref idref="fl-3"/>
      </object_component>
      <object_component id="oc-13b">
         <name>.text</name>
         <load_address>0x5812c</load_address>
         <run_address>0x5812c</run_address>
         <size>0x12bc</size>
         <input_file_ref idref="fl-8"/>
      </object_component>
      <object_component id="oc-a5">
         <name>.text</name>
         <load_address>0x593e8</load_address>
         <run_address>0x593e8</run_address>
         <size>0x49c</size>
         <input_file_ref idref="fl-6"/>
      </object_component>
      <object_component id="oc-36">
         <name>.text</name>
         <load_address>0x59884</load_address>
         <run_address>0x59884</run_address>
         <size>0x3e0</size>
         <input_file_ref idref="fl-9"/>
      </object_component>
      <object_component id="oc-178">
         <name>.text:SysCtlClockFreqSet</name>
         <load_address>0x59c64</load_address>
         <run_address>0x59c64</run_address>
         <size>0x1fc</size>
         <input_file_ref idref="fl-146"/>
      </object_component>
      <object_component id="oc-184">
         <name>.text</name>
         <load_address>0x59e60</load_address>
         <run_address>0x59e60</run_address>
         <size>0x144</size>
         <input_file_ref idref="fl-7"/>
      </object_component>
      <object_component id="oc-12c">
         <name>.text</name>
         <load_address>0x59fa4</load_address>
         <run_address>0x59fa4</run_address>
         <size>0x136</size>
         <input_file_ref idref="fl-136"/>
      </object_component>
      <object_component id="oc-21c">
         <name>.text:GPIOPadConfigSet</name>
         <load_address>0x5a0da</load_address>
         <run_address>0x5a0da</run_address>
         <size>0x130</size>
         <input_file_ref idref="fl-149"/>
      </object_component>
      <object_component id="oc-131">
         <name>.text</name>
         <load_address>0x5a20a</load_address>
         <run_address>0x5a20a</run_address>
         <size>0xfc</size>
         <input_file_ref idref="fl-137"/>
      </object_component>
      <object_component id="oc-3f">
         <name>.text</name>
         <load_address>0x5a306</load_address>
         <run_address>0x5a306</run_address>
         <size>0x9c</size>
         <input_file_ref idref="fl-139"/>
      </object_component>
      <object_component id="oc-bd">
         <name>.text:ADCSequenceStepConfigure</name>
         <load_address>0x5a3a2</load_address>
         <run_address>0x5a3a2</run_address>
         <size>0x80</size>
         <input_file_ref idref="fl-14d"/>
      </object_component>
      <object_component id="oc-58">
         <name>.text</name>
         <load_address>0x5a422</load_address>
         <run_address>0x5a422</run_address>
         <size>0x7a</size>
         <input_file_ref idref="fl-13a"/>
      </object_component>
      <object_component id="oc-6a">
         <name>.text</name>
         <load_address>0x5a49c</load_address>
         <run_address>0x5a49c</run_address>
         <size>0x6c</size>
         <input_file_ref idref="fl-140"/>
      </object_component>
      <object_component id="oc-4b">
         <name>.text</name>
         <load_address>0x5a508</load_address>
         <run_address>0x5a508</run_address>
         <size>0x6a</size>
         <input_file_ref idref="fl-133"/>
      </object_component>
      <object_component id="oc-324">
         <name>.text</name>
         <load_address>0x5a572</load_address>
         <run_address>0x5a572</run_address>
         <size>0x2</size>
         <input_file_ref idref="fl-142"/>
      </object_component>
      <object_component id="oc-1a2">
         <name>.text:IntEnable</name>
         <load_address>0x5a574</load_address>
         <run_address>0x5a574</run_address>
         <size>0x60</size>
         <input_file_ref idref="fl-148"/>
      </object_component>
      <object_component id="oc-e1">
         <name>.text:TimerConfigure</name>
         <load_address>0x5a5d4</load_address>
         <run_address>0x5a5d4</run_address>
         <size>0x5c</size>
         <input_file_ref idref="fl-144"/>
      </object_component>
      <object_component id="oc-190">
         <name>.text:GPIOIntTypeSet</name>
         <load_address>0x5a630</load_address>
         <run_address>0x5a630</run_address>
         <size>0x56</size>
         <input_file_ref idref="fl-149"/>
      </object_component>
      <object_component id="oc-24">
         <name>.text</name>
         <load_address>0x5a688</load_address>
         <run_address>0x5a688</run_address>
         <size>0x50</size>
         <input_file_ref idref="fl-131"/>
      </object_component>
      <object_component id="oc-1fb">
         <name>.text</name>
         <load_address>0x5a6d8</load_address>
         <run_address>0x5a6d8</run_address>
         <size>0x4c</size>
         <input_file_ref idref="fl-141"/>
      </object_component>
      <object_component id="oc-99">
         <name>.text:GPIOPinConfigure</name>
         <load_address>0x5a724</load_address>
         <run_address>0x5a724</run_address>
         <size>0x48</size>
         <input_file_ref idref="fl-149"/>
      </object_component>
      <object_component id="oc-2ab">
         <name>.text:_SysCtlFrequencyGet</name>
         <load_address>0x5a76c</load_address>
         <run_address>0x5a76c</run_address>
         <size>0x48</size>
         <input_file_ref idref="fl-146"/>
      </object_component>
      <object_component id="oc-136">
         <name>.text</name>
         <load_address>0x5a7b4</load_address>
         <run_address>0x5a7b4</run_address>
         <size>0x48</size>
         <input_file_ref idref="fl-138"/>
      </object_component>
      <object_component id="oc-76">
         <name>.text</name>
         <load_address>0x5a7fc</load_address>
         <run_address>0x5a7fc</run_address>
         <size>0x44</size>
         <input_file_ref idref="fl-135"/>
      </object_component>
      <object_component id="oc-1cb">
         <name>.text:SSIConfigSetExpClk</name>
         <load_address>0x5a840</load_address>
         <run_address>0x5a840</run_address>
         <size>0x42</size>
         <input_file_ref idref="fl-147"/>
      </object_component>
      <object_component id="oc-ab">
         <name>.text:UARTConfigSetExpClk</name>
         <load_address>0x5a882</load_address>
         <run_address>0x5a882</run_address>
         <size>0x40</size>
         <input_file_ref idref="fl-143"/>
      </object_component>
      <object_component id="oc-246">
         <name>.text</name>
         <load_address>0x5a8c2</load_address>
         <run_address>0x5a8c2</run_address>
         <size>0x40</size>
         <input_file_ref idref="fl-13d"/>
      </object_component>
      <object_component id="oc-b7">
         <name>.text:ADCSequenceConfigure</name>
         <load_address>0x5a902</load_address>
         <run_address>0x5a902</run_address>
         <size>0x3e</size>
         <input_file_ref idref="fl-14d"/>
      </object_component>
      <object_component id="oc-8d">
         <name>.text:SysCtlPeripheralEnable</name>
         <load_address>0x5a940</load_address>
         <run_address>0x5a940</run_address>
         <size>0x34</size>
         <input_file_ref idref="fl-146"/>
      </object_component>
      <object_component id="oc-22e">
         <name>.text:SysCtlPeripheralPresent</name>
         <load_address>0x5a974</load_address>
         <run_address>0x5a974</run_address>
         <size>0x34</size>
         <input_file_ref idref="fl-146"/>
      </object_component>
      <object_component id="oc-11b">
         <name>.text:ADCIntStatus</name>
         <load_address>0x5a9a8</load_address>
         <run_address>0x5a9a8</run_address>
         <size>0x2e</size>
         <input_file_ref idref="fl-14d"/>
      </object_component>
      <object_component id="oc-222">
         <name>.text:GPIODirModeSet</name>
         <load_address>0x5a9d6</load_address>
         <run_address>0x5a9d6</run_address>
         <size>0x2a</size>
         <input_file_ref idref="fl-149"/>
      </object_component>
      <object_component id="oc-19c">
         <name>.text:IntPrioritySet</name>
         <load_address>0x5aa00</load_address>
         <run_address>0x5aa00</run_address>
         <size>0x24</size>
         <input_file_ref idref="fl-148"/>
      </object_component>
      <object_component id="oc-2c9">
         <name>.text:EPIConfigHB16Set</name>
         <load_address>0x5aa24</load_address>
         <run_address>0x5aa24</run_address>
         <size>0x22</size>
         <input_file_ref idref="fl-14b"/>
      </object_component>
      <object_component id="oc-127">
         <name>.text</name>
         <load_address>0x5aa46</load_address>
         <run_address>0x5aa46</run_address>
         <size>0x20</size>
         <input_file_ref idref="fl-13e"/>
      </object_component>
      <object_component id="oc-121">
         <name>.text:ADCSequenceDataGet</name>
         <load_address>0x5aa66</load_address>
         <run_address>0x5aa66</run_address>
         <size>0x1e</size>
         <input_file_ref idref="fl-14d"/>
      </object_component>
      <object_component id="oc-cf">
         <name>.text:SysCtlGPIOAHBEnable</name>
         <load_address>0x5aa84</load_address>
         <run_address>0x5aa84</run_address>
         <size>0x1c</size>
         <input_file_ref idref="fl-146"/>
      </object_component>
      <object_component id="oc-252">
         <name>.text:UARTDisable</name>
         <load_address>0x5aaa0</load_address>
         <run_address>0x5aaa0</run_address>
         <size>0x1c</size>
         <input_file_ref idref="fl-143"/>
      </object_component>
      <object_component id="oc-2a5">
         <name>.text:_SysCtlMemTimingGet</name>
         <load_address>0x5aabc</load_address>
         <run_address>0x5aabc</run_address>
         <size>0x1c</size>
         <input_file_ref idref="fl-146"/>
      </object_component>
      <object_component id="oc-93">
         <name>.text:GPIOPinTypeGPIOOutput</name>
         <load_address>0x5aad8</load_address>
         <run_address>0x5aad8</run_address>
         <size>0x18</size>
         <input_file_ref idref="fl-149"/>
      </object_component>
      <object_component id="oc-70">
         <name>.text</name>
         <load_address>0x5aaf0</load_address>
         <run_address>0x5aaf0</run_address>
         <size>0x18</size>
         <input_file_ref idref="fl-13f"/>
      </object_component>
      <object_component id="oc-115">
         <name>.text:ADCProcessorTrigger</name>
         <load_address>0x5ab08</load_address>
         <run_address>0x5ab08</run_address>
         <size>0x16</size>
         <input_file_ref idref="fl-14d"/>
      </object_component>
      <object_component id="oc-1ae">
         <name>.text:SysTickIntEnable</name>
         <load_address>0x5ab20</load_address>
         <run_address>0x5ab20</run_address>
         <size>0x14</size>
         <input_file_ref idref="fl-145"/>
      </object_component>
      <object_component id="oc-f9">
         <name>.text:TimerDisable</name>
         <load_address>0x5ab34</load_address>
         <run_address>0x5ab34</run_address>
         <size>0x14</size>
         <input_file_ref idref="fl-144"/>
      </object_component>
      <object_component id="oc-234">
         <name>.text:UARTEnable</name>
         <load_address>0x5ab48</load_address>
         <run_address>0x5ab48</run_address>
         <size>0x14</size>
         <input_file_ref idref="fl-143"/>
      </object_component>
      <object_component id="oc-87">
         <name>.text</name>
         <load_address>0x5ab5c</load_address>
         <run_address>0x5ab5c</run_address>
         <size>0x14</size>
         <input_file_ref idref="fl-130"/>
      </object_component>
      <object_component id="oc-b1">
         <name>.text:GPIOPinTypeADC</name>
         <load_address>0x5ab70</load_address>
         <run_address>0x5ab70</run_address>
         <size>0x12</size>
         <input_file_ref idref="fl-149"/>
      </object_component>
      <object_component id="oc-2bd">
         <name>.text:GPIOPinTypeEPI</name>
         <load_address>0x5ab82</load_address>
         <run_address>0x5ab82</run_address>
         <size>0x12</size>
         <input_file_ref idref="fl-149"/>
      </object_component>
      <object_component id="oc-d5">
         <name>.text:GPIOPinTypeGPIOInput</name>
         <load_address>0x5ab94</load_address>
         <run_address>0x5ab94</run_address>
         <size>0x12</size>
         <input_file_ref idref="fl-149"/>
      </object_component>
      <object_component id="oc-1c5">
         <name>.text:GPIOPinTypeSSI</name>
         <load_address>0x5aba6</load_address>
         <run_address>0x5aba6</run_address>
         <size>0x12</size>
         <input_file_ref idref="fl-149"/>
      </object_component>
      <object_component id="oc-9f">
         <name>.text:GPIOPinTypeUART</name>
         <load_address>0x5abb8</load_address>
         <run_address>0x5abb8</run_address>
         <size>0x12</size>
         <input_file_ref idref="fl-149"/>
      </object_component>
      <object_component id="oc-1d7">
         <name>.text:SSIDataGetNonBlocking</name>
         <load_address>0x5abca</load_address>
         <run_address>0x5abca</run_address>
         <size>0x12</size>
         <input_file_ref idref="fl-147"/>
      </object_component>
      <object_component id="oc-e7">
         <name>.text:TimerLoadSet</name>
         <load_address>0x5abdc</load_address>
         <run_address>0x5abdc</run_address>
         <size>0x12</size>
         <input_file_ref idref="fl-144"/>
      </object_component>
      <object_component id="oc-16c">
         <name>.text:FPUEnable</name>
         <load_address>0x5abf0</load_address>
         <run_address>0x5abf0</run_address>
         <size>0x10</size>
         <input_file_ref idref="fl-14a"/>
      </object_component>
      <object_component id="oc-172">
         <name>.text:FPULazyStackingEnable</name>
         <load_address>0x5ac00</load_address>
         <run_address>0x5ac00</run_address>
         <size>0x10</size>
         <input_file_ref idref="fl-14a"/>
      </object_component>
      <object_component id="oc-17e">
         <name>.text:SysTickPeriodSet</name>
         <load_address>0x5ac10</load_address>
         <run_address>0x5ac10</run_address>
         <size>0x10</size>
         <input_file_ref idref="fl-145"/>
      </object_component>
      <object_component id="oc-c3">
         <name>.text:ADCSequenceEnable</name>
         <load_address>0x5ac20</load_address>
         <run_address>0x5ac20</run_address>
         <size>0xe</size>
         <input_file_ref idref="fl-14d"/>
      </object_component>
      <object_component id="oc-10f">
         <name>.text:TimerEnable</name>
         <load_address>0x5ac2e</load_address>
         <run_address>0x5ac2e</run_address>
         <size>0xe</size>
         <input_file_ref idref="fl-144"/>
      </object_component>
      <object_component id="oc-12">
         <name>.text:decompress:none</name>
         <load_address>0x5ac3c</load_address>
         <run_address>0x5ac3c</run_address>
         <size>0xe</size>
         <input_file_ref idref="fl-132"/>
      </object_component>
      <object_component id="oc-2e3">
         <name>.text:CPUcpsie</name>
         <load_address>0x5ac4a</load_address>
         <run_address>0x5ac4a</run_address>
         <size>0xc</size>
         <input_file_ref idref="fl-14c"/>
      </object_component>
      <object_component id="oc-18a">
         <name>.text:GPIOIntEnable</name>
         <load_address>0x5ac56</load_address>
         <run_address>0x5ac56</run_address>
         <size>0xc</size>
         <input_file_ref idref="fl-149"/>
      </object_component>
      <object_component id="oc-1b4">
         <name>.text:SSIDataGet</name>
         <load_address>0x5ac62</load_address>
         <run_address>0x5ac62</run_address>
         <size>0xc</size>
         <input_file_ref idref="fl-147"/>
      </object_component>
      <object_component id="oc-1e">
         <name>.text:decompress:ZI</name>
         <load_address>0x5ac6e</load_address>
         <run_address>0x5ac6e</run_address>
         <size>0xc</size>
         <input_file_ref idref="fl-134"/>
      </object_component>
      <object_component id="oc-2a">
         <name>.text</name>
         <load_address>0x5ac7a</load_address>
         <run_address>0x5ac7a</run_address>
         <size>0xc</size>
         <input_file_ref idref="fl-5"/>
      </object_component>
      <object_component id="oc-c9">
         <name>.text:ADCIntClear</name>
         <load_address>0x5ac86</load_address>
         <run_address>0x5ac86</run_address>
         <size>0xa</size>
         <input_file_ref idref="fl-14d"/>
      </object_component>
      <object_component id="oc-1a8">
         <name>.text:IntMasterEnable</name>
         <load_address>0x5ac90</load_address>
         <run_address>0x5ac90</run_address>
         <size>0xa</size>
         <input_file_ref idref="fl-148"/>
      </object_component>
      <object_component id="oc-196">
         <name>.text:SSIDataPut</name>
         <load_address>0x5ac9a</load_address>
         <run_address>0x5ac9a</run_address>
         <size>0xa</size>
         <input_file_ref idref="fl-147"/>
      </object_component>
      <object_component id="oc-1d1">
         <name>.text:SSIEnable</name>
         <load_address>0x5aca4</load_address>
         <run_address>0x5aca4</run_address>
         <size>0xa</size>
         <input_file_ref idref="fl-147"/>
      </object_component>
      <object_component id="oc-ff">
         <name>.text:TimerIntStatus</name>
         <load_address>0x5acae</load_address>
         <run_address>0x5acae</run_address>
         <size>0xa</size>
         <input_file_ref idref="fl-144"/>
      </object_component>
      <object_component id="oc-23a">
         <name>.text:UARTCharGet</name>
         <load_address>0x5acb8</load_address>
         <run_address>0x5acb8</run_address>
         <size>0xa</size>
         <input_file_ref idref="fl-143"/>
      </object_component>
      <object_component id="oc-166">
         <name>.text:UARTCharPut</name>
         <load_address>0x5acc2</load_address>
         <run_address>0x5acc2</run_address>
         <size>0xa</size>
         <input_file_ref idref="fl-143"/>
      </object_component>
      <object_component id="oc-ed">
         <name>.text:TimerIntEnable</name>
         <load_address>0x5accc</load_address>
         <run_address>0x5accc</run_address>
         <size>0x8</size>
         <input_file_ref idref="fl-144"/>
      </object_component>
      <object_component id="oc-160">
         <name>.text:GPIOPinRead</name>
         <load_address>0x5acd4</load_address>
         <run_address>0x5acd4</run_address>
         <size>0x6</size>
         <input_file_ref idref="fl-149"/>
      </object_component>
      <object_component id="oc-81">
         <name>.text:GPIOPinWrite</name>
         <load_address>0x5acda</load_address>
         <run_address>0x5acda</run_address>
         <size>0x6</size>
         <input_file_ref idref="fl-149"/>
      </object_component>
      <object_component id="oc-105">
         <name>.text:SysCtlDelay</name>
         <load_address>0x5ace0</load_address>
         <run_address>0x5ace0</run_address>
         <size>0x6</size>
         <input_file_ref idref="fl-146"/>
      </object_component>
      <object_component id="oc-db">
         <name>.text:TimerClockSourceSet</name>
         <load_address>0x5ace6</load_address>
         <run_address>0x5ace6</run_address>
         <size>0x6</size>
         <input_file_ref idref="fl-144"/>
      </object_component>
      <object_component id="oc-18">
         <name>.text:decompress:rle24</name>
         <load_address>0x5acec</load_address>
         <run_address>0x5acec</run_address>
         <size>0x6</size>
         <input_file_ref idref="fl-133"/>
      </object_component>
      <object_component id="oc-2cf">
         <name>.text:EPIAddressMapSet</name>
         <load_address>0x5acf2</load_address>
         <run_address>0x5acf2</run_address>
         <size>0x4</size>
         <input_file_ref idref="fl-14b"/>
      </object_component>
      <object_component id="oc-2c3">
         <name>.text:EPIModeSet</name>
         <load_address>0x5acf6</load_address>
         <run_address>0x5acf6</run_address>
         <size>0x4</size>
         <input_file_ref idref="fl-14b"/>
      </object_component>
      <object_component id="oc-109">
         <name>.text:TimerIntClear</name>
         <load_address>0x5acfa</load_address>
         <run_address>0x5acfa</run_address>
         <size>0x4</size>
         <input_file_ref idref="fl-144"/>
      </object_component>
      <object_component id="oc-64">
         <name>.text</name>
         <load_address>0x5acfe</load_address>
         <run_address>0x5acfe</run_address>
         <size>0x4</size>
         <input_file_ref idref="fl-13b"/>
      </object_component>
      <object_component id="oc-15d">
         <name>.const:.string:gImage_back</name>
         <load_address>0x208</load_address>
         <run_address>0x208</run_address>
         <size>0x2ee08</size>
         <input_file_ref idref="fl-3"/>
      </object_component>
      <object_component id="oc-144">
         <name>.const:.string:gImage_jay2</name>
         <load_address>0x2f010</load_address>
         <run_address>0x2f010</run_address>
         <size>0x4e20</size>
         <input_file_ref idref="fl-3"/>
      </object_component>
      <object_component id="oc-147">
         <name>.const:.string:gImage_jay3</name>
         <load_address>0x33e30</load_address>
         <run_address>0x33e30</run_address>
         <size>0x4e20</size>
         <input_file_ref idref="fl-3"/>
      </object_component>
      <object_component id="oc-14a">
         <name>.const:.string:gImage_jay4</name>
         <load_address>0x38c50</load_address>
         <run_address>0x38c50</run_address>
         <size>0x4e20</size>
         <input_file_ref idref="fl-3"/>
      </object_component>
      <object_component id="oc-141">
         <name>.const:.string:gImage_jay</name>
         <load_address>0x3da70</load_address>
         <run_address>0x3da70</run_address>
         <size>0x4e20</size>
         <input_file_ref idref="fl-3"/>
      </object_component>
      <object_component id="oc-150">
         <name>.const:.string:gImage_eason2</name>
         <load_address>0x42890</load_address>
         <run_address>0x42890</run_address>
         <size>0x4d58</size>
         <input_file_ref idref="fl-3"/>
      </object_component>
      <object_component id="oc-153">
         <name>.const:.string:gImage_eason3</name>
         <load_address>0x475e8</load_address>
         <run_address>0x475e8</run_address>
         <size>0x4d58</size>
         <input_file_ref idref="fl-3"/>
      </object_component>
      <object_component id="oc-156">
         <name>.const:.string:gImage_eason4</name>
         <load_address>0x4c340</load_address>
         <run_address>0x4c340</run_address>
         <size>0x4d58</size>
         <input_file_ref idref="fl-3"/>
      </object_component>
      <object_component id="oc-14d">
         <name>.const:.string:gImage_eason</name>
         <load_address>0x51098</load_address>
         <run_address>0x51098</run_address>
         <size>0x4d58</size>
         <input_file_ref idref="fl-3"/>
      </object_component>
      <object_component id="oc-28a">
         <name>.const:asc2_1608</name>
         <load_address>0x55df0</load_address>
         <run_address>0x55df0</run_address>
         <size>0x600</size>
         <input_file_ref idref="fl-8"/>
      </object_component>
      <object_component id="oc-2b4">
         <name>.const:g_pppui32XTALtoVCO</name>
         <load_address>0x563f0</load_address>
         <run_address>0x563f0</run_address>
         <size>0x120</size>
         <input_file_ref idref="fl-146"/>
      </object_component>
      <object_component id="oc-2da">
         <name>.const:g_pui32Regs</name>
         <load_address>0x56510</load_address>
         <run_address>0x56510</run_address>
         <size>0x9c</size>
         <input_file_ref idref="fl-148"/>
      </object_component>
      <object_component id="oc-229">
         <name>.const:g_pui32GPIOBaseAddrs</name>
         <load_address>0x565ac</load_address>
         <run_address>0x565ac</run_address>
         <size>0x90</size>
         <input_file_ref idref="fl-149"/>
      </object_component>
      <object_component id="oc-2df">
         <name>.const</name>
         <load_address>0x5663c</load_address>
         <run_address>0x5663c</run_address>
         <size>0x70</size>
         <input_file_ref idref="fl-148"/>
      </object_component>
      <object_component id="oc-2b1">
         <name>.const:g_pui32Xtals</name>
         <load_address>0x566ac</load_address>
         <run_address>0x566ac</run_address>
         <size>0x6c</size>
         <input_file_ref idref="fl-146"/>
      </object_component>
      <object_component id="oc-33f">
         <name>.const:g_sXTALtoMEMTIM</name>
         <load_address>0x56718</load_address>
         <run_address>0x56718</run_address>
         <size>0x30</size>
         <input_file_ref idref="fl-146"/>
      </object_component>
      <object_component id="oc-240">
         <name>.const</name>
         <load_address>0x56748</load_address>
         <run_address>0x56748</run_address>
         <size>0x1c</size>
         <input_file_ref idref="fl-6"/>
      </object_component>
      <object_component id="oc-31f">
         <name>.const:.string</name>
         <load_address>0x56764</load_address>
         <run_address>0x56764</run_address>
         <size>0x12</size>
         <input_file_ref idref="fl-6"/>
      </object_component>
      <object_component id="oc-f3">
         <name>.const:.string</name>
         <load_address>0x56776</load_address>
         <run_address>0x56776</run_address>
         <size>0x8</size>
         <input_file_ref idref="fl-3"/>
      </object_component>
      <object_component id="oc-2b7">
         <name>.const</name>
         <load_address>0x56780</load_address>
         <run_address>0x56780</run_address>
         <size>0x8</size>
         <input_file_ref idref="fl-146"/>
      </object_component>
      <object_component id="oc-389">
         <name>.cinit..data.load</name>
         <load_address>0x5ad08</load_address>
         <run_address>0x5ad08</run_address>
         <size>0x4c</size>
      </object_component>
      <object_component id="oc-387">
         <name>__TI_handler_table</name>
         <load_address>0x5ad54</load_address>
         <run_address>0x5ad54</run_address>
         <size>0xc</size>
      </object_component>
      <object_component id="oc-38a">
         <name>.cinit..bss.load</name>
         <load_address>0x5ad60</load_address>
         <run_address>0x5ad60</run_address>
         <size>0x8</size>
      </object_component>
      <object_component id="oc-388">
         <name>__TI_cinit_table</name>
         <load_address>0x5ad68</load_address>
         <run_address>0x5ad68</run_address>
         <size>0x10</size>
      </object_component>
      <object_component id="oc-29">
         <name>.stack</name>
         <uninitialized>true</uninitialized>
         <run_address>0x20000000</run_address>
         <size>0x0</size>
         <input_file_ref idref="fl-131"/>
      </object_component>
      <object_component id="oc-38b">
         <name>.stack</name>
         <uninitialized>true</uninitialized>
         <run_address>0x20000000</run_address>
         <size>0x0</size>
      </object_component>
      <object_component id="oc-f6">
         <name>.common:g_ui32SysClock</name>
         <uninitialized>true</uninitialized>
         <run_address>0x200002a0</run_address>
         <size>0x4</size>
      </object_component>
      <object_component id="oc-15b">
         <name>.common:ulADC0_Value</name>
         <uninitialized>true</uninitialized>
         <run_address>0x200002a4</run_address>
         <size>0x4</size>
      </object_component>
      <object_component id="oc-15c">
         <name>.common:v</name>
         <uninitialized>true</uninitialized>
         <run_address>0x200002a8</run_address>
         <size>0x4</size>
      </object_component>
      <object_component id="oc-159">
         <name>.common:TouchXData</name>
         <uninitialized>true</uninitialized>
         <run_address>0x20000270</run_address>
         <size>0x18</size>
      </object_component>
      <object_component id="oc-15a">
         <name>.common:TouchYData</name>
         <uninitialized>true</uninitialized>
         <run_address>0x20000288</run_address>
         <size>0x18</size>
      </object_component>
      <object_component id="oc-106">
         <name>.data</name>
         <load_address>0x20000200</load_address>
         <run_address>0x20000200</run_address>
         <size>0x4a</size>
         <input_file_ref idref="fl-3"/>
      </object_component>
      <object_component id="oc-243">
         <name>.data</name>
         <load_address>0x20000264</load_address>
         <run_address>0x20000264</run_address>
         <size>0x5</size>
         <input_file_ref idref="fl-6"/>
      </object_component>
      <object_component id="oc-287">
         <name>.data</name>
         <load_address>0x2000024c</load_address>
         <run_address>0x2000024c</run_address>
         <size>0x8</size>
         <input_file_ref idref="fl-8"/>
      </object_component>
      <object_component id="oc-205">
         <name>.data</name>
         <load_address>0x20000254</load_address>
         <run_address>0x20000254</run_address>
         <size>0x8</size>
         <input_file_ref idref="fl-130"/>
      </object_component>
      <object_component id="oc-208">
         <name>.data</name>
         <load_address>0x2000025c</load_address>
         <run_address>0x2000025c</run_address>
         <size>0x8</size>
         <input_file_ref idref="fl-135"/>
      </object_component>
      <object_component id="oc-7c">
         <name>.data</name>
         <load_address>0x2000026c</load_address>
         <run_address>0x2000026c</run_address>
         <size>0x4</size>
         <input_file_ref idref="fl-13c"/>
      </object_component>
      <object_component id="oc-279">
         <name>.debug_info</name>
         <load_address>0x0</load_address>
         <run_address>0x0</run_address>
         <size>0xae</size>
         <input_file_ref idref="fl-2"/>
      </object_component>
      <object_component id="oc-1e2">
         <name>.debug_info</name>
         <load_address>0xae</load_address>
         <run_address>0xae</run_address>
         <size>0x84</size>
         <input_file_ref idref="fl-2"/>
      </object_component>
      <object_component id="oc-f7">
         <name>.debug_info</name>
         <load_address>0x132</load_address>
         <run_address>0x132</run_address>
         <size>0xf52</size>
         <input_file_ref idref="fl-3"/>
      </object_component>
      <object_component id="oc-15e">
         <name>.debug_info</name>
         <load_address>0x1084</load_address>
         <run_address>0x1084</run_address>
         <size>0xdb</size>
         <input_file_ref idref="fl-3"/>
      </object_component>
      <object_component id="oc-142">
         <name>.debug_info</name>
         <load_address>0x115f</load_address>
         <run_address>0x115f</run_address>
         <size>0xda</size>
         <input_file_ref idref="fl-3"/>
      </object_component>
      <object_component id="oc-145">
         <name>.debug_info</name>
         <load_address>0x1239</load_address>
         <run_address>0x1239</run_address>
         <size>0xdc</size>
         <input_file_ref idref="fl-3"/>
      </object_component>
      <object_component id="oc-148">
         <name>.debug_info</name>
         <load_address>0x1315</load_address>
         <run_address>0x1315</run_address>
         <size>0xdc</size>
         <input_file_ref idref="fl-3"/>
      </object_component>
      <object_component id="oc-14b">
         <name>.debug_info</name>
         <load_address>0x13f1</load_address>
         <run_address>0x13f1</run_address>
         <size>0xdc</size>
         <input_file_ref idref="fl-3"/>
      </object_component>
      <object_component id="oc-14e">
         <name>.debug_info</name>
         <load_address>0x14cd</load_address>
         <run_address>0x14cd</run_address>
         <size>0xde</size>
         <input_file_ref idref="fl-3"/>
      </object_component>
      <object_component id="oc-151">
         <name>.debug_info</name>
         <load_address>0x15ab</load_address>
         <run_address>0x15ab</run_address>
         <size>0xe0</size>
         <input_file_ref idref="fl-3"/>
      </object_component>
      <object_component id="oc-154">
         <name>.debug_info</name>
         <load_address>0x168b</load_address>
         <run_address>0x168b</run_address>
         <size>0xe0</size>
         <input_file_ref idref="fl-3"/>
      </object_component>
      <object_component id="oc-157">
         <name>.debug_info</name>
         <load_address>0x176b</load_address>
         <run_address>0x176b</run_address>
         <size>0xe0</size>
         <input_file_ref idref="fl-3"/>
      </object_component>
      <object_component id="oc-107">
         <name>.debug_info</name>
         <load_address>0x184b</load_address>
         <run_address>0x184b</run_address>
         <size>0x22a</size>
         <input_file_ref idref="fl-3"/>
      </object_component>
      <object_component id="oc-f4">
         <name>.debug_info</name>
         <load_address>0x1a75</load_address>
         <run_address>0x1a75</run_address>
         <size>0x130</size>
         <input_file_ref idref="fl-3"/>
      </object_component>
      <object_component id="oc-31">
         <name>.debug_info</name>
         <load_address>0x1ba5</load_address>
         <run_address>0x1ba5</run_address>
         <size>0x39a4</size>
         <input_file_ref idref="fl-3"/>
      </object_component>
      <object_component id="oc-26b">
         <name>.debug_info</name>
         <load_address>0x5549</load_address>
         <run_address>0x5549</run_address>
         <size>0x6bd</size>
         <input_file_ref idref="fl-3"/>
      </object_component>
      <object_component id="oc-1bb">
         <name>.debug_info</name>
         <load_address>0x5c06</load_address>
         <run_address>0x5c06</run_address>
         <size>0x8b</size>
         <input_file_ref idref="fl-3"/>
      </object_component>
      <object_component id="oc-1c0">
         <name>.debug_info</name>
         <load_address>0x5c91</load_address>
         <run_address>0x5c91</run_address>
         <size>0x18b</size>
         <input_file_ref idref="fl-3"/>
      </object_component>
      <object_component id="oc-1f2">
         <name>.debug_info</name>
         <load_address>0x5e1c</load_address>
         <run_address>0x5e1c</run_address>
         <size>0x2c</size>
         <input_file_ref idref="fl-3"/>
      </object_component>
      <object_component id="oc-24d">
         <name>.debug_info</name>
         <load_address>0x5e48</load_address>
         <run_address>0x5e48</run_address>
         <size>0x4e</size>
         <input_file_ref idref="fl-3"/>
      </object_component>
      <object_component id="oc-3e">
         <name>.debug_info</name>
         <load_address>0x5e96</load_address>
         <run_address>0x5e96</run_address>
         <size>0x19e</size>
         <input_file_ref idref="fl-5"/>
      </object_component>
      <object_component id="oc-10">
         <name>.debug_info</name>
         <load_address>0x6034</load_address>
         <run_address>0x6034</run_address>
         <size>0xed</size>
         <input_file_ref idref="fl-5"/>
      </object_component>
      <object_component id="oc-2b">
         <name>.debug_info</name>
         <load_address>0x6121</load_address>
         <run_address>0x6121</run_address>
         <size>0x26c</size>
         <input_file_ref idref="fl-5"/>
      </object_component>
      <object_component id="oc-24c">
         <name>.debug_info</name>
         <load_address>0x638d</load_address>
         <run_address>0x638d</run_address>
         <size>0x262</size>
         <input_file_ref idref="fl-6"/>
      </object_component>
      <object_component id="oc-244">
         <name>.debug_info</name>
         <load_address>0x65ef</load_address>
         <run_address>0x65ef</run_address>
         <size>0xff</size>
         <input_file_ref idref="fl-6"/>
      </object_component>
      <object_component id="oc-241">
         <name>.debug_info</name>
         <load_address>0x66ee</load_address>
         <run_address>0x66ee</run_address>
         <size>0x155</size>
         <input_file_ref idref="fl-6"/>
      </object_component>
      <object_component id="oc-a8">
         <name>.debug_info</name>
         <load_address>0x6843</load_address>
         <run_address>0x6843</run_address>
         <size>0x97c</size>
         <input_file_ref idref="fl-6"/>
      </object_component>
      <object_component id="oc-185">
         <name>.debug_info</name>
         <load_address>0x71bf</load_address>
         <run_address>0x71bf</run_address>
         <size>0x28f</size>
         <input_file_ref idref="fl-7"/>
      </object_component>
      <object_component id="oc-28e">
         <name>.debug_info</name>
         <load_address>0x744e</load_address>
         <run_address>0x744e</run_address>
         <size>0x46a</size>
         <input_file_ref idref="fl-8"/>
      </object_component>
      <object_component id="oc-28b">
         <name>.debug_info</name>
         <load_address>0x78b8</load_address>
         <run_address>0x78b8</run_address>
         <size>0xf0</size>
         <input_file_ref idref="fl-8"/>
      </object_component>
      <object_component id="oc-288">
         <name>.debug_info</name>
         <load_address>0x79a8</load_address>
         <run_address>0x79a8</run_address>
         <size>0x119</size>
         <input_file_ref idref="fl-8"/>
      </object_component>
      <object_component id="oc-13c">
         <name>.debug_info</name>
         <load_address>0x7ac1</load_address>
         <run_address>0x7ac1</run_address>
         <size>0x1ea0</size>
         <input_file_ref idref="fl-8"/>
      </object_component>
      <object_component id="oc-336">
         <name>.debug_info</name>
         <load_address>0x9961</load_address>
         <run_address>0x9961</run_address>
         <size>0x47</size>
         <input_file_ref idref="fl-8"/>
      </object_component>
      <object_component id="oc-1de">
         <name>.debug_info</name>
         <load_address>0x99a8</load_address>
         <run_address>0x99a8</run_address>
         <size>0x345</size>
         <input_file_ref idref="fl-9"/>
      </object_component>
      <object_component id="oc-38">
         <name>.debug_info</name>
         <load_address>0x9ced</load_address>
         <run_address>0x9ced</run_address>
         <size>0xb07</size>
         <input_file_ref idref="fl-9"/>
      </object_component>
      <object_component id="oc-218">
         <name>.debug_info</name>
         <load_address>0xa7f4</load_address>
         <run_address>0xa7f4</run_address>
         <size>0x105</size>
         <input_file_ref idref="fl-130"/>
      </object_component>
      <object_component id="oc-206">
         <name>.debug_info</name>
         <load_address>0xa8f9</load_address>
         <run_address>0xa8f9</run_address>
         <size>0xf4</size>
         <input_file_ref idref="fl-130"/>
      </object_component>
      <object_component id="oc-88">
         <name>.debug_info</name>
         <load_address>0xa9ed</load_address>
         <run_address>0xa9ed</run_address>
         <size>0x200</size>
         <input_file_ref idref="fl-130"/>
      </object_component>
      <object_component id="oc-27">
         <name>.debug_info</name>
         <load_address>0xabed</load_address>
         <run_address>0xabed</run_address>
         <size>0x134</size>
         <input_file_ref idref="fl-131"/>
      </object_component>
      <object_component id="oc-4a">
         <name>.debug_info</name>
         <load_address>0xad21</load_address>
         <run_address>0xad21</run_address>
         <size>0x121</size>
         <input_file_ref idref="fl-132"/>
      </object_component>
      <object_component id="oc-15">
         <name>.debug_info</name>
         <load_address>0xae42</load_address>
         <run_address>0xae42</run_address>
         <size>0x1c0</size>
         <input_file_ref idref="fl-132"/>
      </object_component>
      <object_component id="oc-45">
         <name>.debug_info</name>
         <load_address>0xb002</load_address>
         <run_address>0xb002</run_address>
         <size>0x46</size>
         <input_file_ref idref="fl-132"/>
      </object_component>
      <object_component id="oc-1e8">
         <name>.debug_info</name>
         <load_address>0xb048</load_address>
         <run_address>0xb048</run_address>
         <size>0x2c</size>
         <input_file_ref idref="fl-132"/>
      </object_component>
      <object_component id="oc-52">
         <name>.debug_info</name>
         <load_address>0xb074</load_address>
         <run_address>0xb074</run_address>
         <size>0x115</size>
         <input_file_ref idref="fl-133"/>
      </object_component>
      <object_component id="oc-4c">
         <name>.debug_info</name>
         <load_address>0xb189</load_address>
         <run_address>0xb189</run_address>
         <size>0x228</size>
         <input_file_ref idref="fl-133"/>
      </object_component>
      <object_component id="oc-19">
         <name>.debug_info</name>
         <load_address>0xb3b1</load_address>
         <run_address>0xb3b1</run_address>
         <size>0x192</size>
         <input_file_ref idref="fl-133"/>
      </object_component>
      <object_component id="oc-53">
         <name>.debug_info</name>
         <load_address>0xb543</load_address>
         <run_address>0xb543</run_address>
         <size>0x39</size>
         <input_file_ref idref="fl-133"/>
      </object_component>
      <object_component id="oc-63">
         <name>.debug_info</name>
         <load_address>0xb57c</load_address>
         <run_address>0xb57c</run_address>
         <size>0x110</size>
         <input_file_ref idref="fl-134"/>
      </object_component>
      <object_component id="oc-22">
         <name>.debug_info</name>
         <load_address>0xb68c</load_address>
         <run_address>0xb68c</run_address>
         <size>0x18b</size>
         <input_file_ref idref="fl-134"/>
      </object_component>
      <object_component id="oc-5e">
         <name>.debug_info</name>
         <load_address>0xb817</load_address>
         <run_address>0xb817</run_address>
         <size>0x46</size>
         <input_file_ref idref="fl-134"/>
      </object_component>
      <object_component id="oc-20c">
         <name>.debug_info</name>
         <load_address>0xb85d</load_address>
         <run_address>0xb85d</run_address>
         <size>0x172</size>
         <input_file_ref idref="fl-135"/>
      </object_component>
      <object_component id="oc-209">
         <name>.debug_info</name>
         <load_address>0xb9cf</load_address>
         <run_address>0xb9cf</run_address>
         <size>0x117</size>
         <input_file_ref idref="fl-135"/>
      </object_component>
      <object_component id="oc-7a">
         <name>.debug_info</name>
         <load_address>0xbae6</load_address>
         <run_address>0xbae6</run_address>
         <size>0x1ee</size>
         <input_file_ref idref="fl-135"/>
      </object_component>
      <object_component id="oc-12f">
         <name>.debug_info</name>
         <load_address>0xbcd4</load_address>
         <run_address>0xbcd4</run_address>
         <size>0x117</size>
         <input_file_ref idref="fl-136"/>
      </object_component>
      <object_component id="oc-132">
         <name>.debug_info</name>
         <load_address>0xbdeb</load_address>
         <run_address>0xbdeb</run_address>
         <size>0x117</size>
         <input_file_ref idref="fl-137"/>
      </object_component>
      <object_component id="oc-137">
         <name>.debug_info</name>
         <load_address>0xbf02</load_address>
         <run_address>0xbf02</run_address>
         <size>0x112</size>
         <input_file_ref idref="fl-138"/>
      </object_component>
      <object_component id="oc-41">
         <name>.debug_info</name>
         <load_address>0xc014</load_address>
         <run_address>0xc014</run_address>
         <size>0xf6</size>
         <input_file_ref idref="fl-139"/>
      </object_component>
      <object_component id="oc-5a">
         <name>.debug_info</name>
         <load_address>0xc10a</load_address>
         <run_address>0xc10a</run_address>
         <size>0x124</size>
         <input_file_ref idref="fl-13a"/>
      </object_component>
      <object_component id="oc-67">
         <name>.debug_info</name>
         <load_address>0xc22e</load_address>
         <run_address>0xc22e</run_address>
         <size>0x129</size>
         <input_file_ref idref="fl-13b"/>
      </object_component>
      <object_component id="oc-7d">
         <name>.debug_info</name>
         <load_address>0xc357</load_address>
         <run_address>0xc357</run_address>
         <size>0xea</size>
         <input_file_ref idref="fl-13c"/>
      </object_component>
      <object_component id="oc-248">
         <name>.debug_info</name>
         <load_address>0xc441</load_address>
         <run_address>0xc441</run_address>
         <size>0x11f</size>
         <input_file_ref idref="fl-13d"/>
      </object_component>
      <object_component id="oc-129">
         <name>.debug_info</name>
         <load_address>0xc560</load_address>
         <run_address>0xc560</run_address>
         <size>0x10b</size>
         <input_file_ref idref="fl-13e"/>
      </object_component>
      <object_component id="oc-204">
         <name>.debug_info</name>
         <load_address>0xc66b</load_address>
         <run_address>0xc66b</run_address>
         <size>0x147</size>
         <input_file_ref idref="fl-13f"/>
      </object_component>
      <object_component id="oc-73">
         <name>.debug_info</name>
         <load_address>0xc7b2</load_address>
         <run_address>0xc7b2</run_address>
         <size>0x148</size>
         <input_file_ref idref="fl-13f"/>
      </object_component>
      <object_component id="oc-302">
         <name>.debug_info</name>
         <load_address>0xc8fa</load_address>
         <run_address>0xc8fa</run_address>
         <size>0x5e</size>
         <input_file_ref idref="fl-13f"/>
      </object_component>
      <object_component id="oc-202">
         <name>.debug_info</name>
         <load_address>0xc958</load_address>
         <run_address>0xc958</run_address>
         <size>0x29e</size>
         <input_file_ref idref="fl-140"/>
      </object_component>
      <object_component id="oc-6e">
         <name>.debug_info</name>
         <load_address>0xcbf6</load_address>
         <run_address>0xcbf6</run_address>
         <size>0x158</size>
         <input_file_ref idref="fl-140"/>
      </object_component>
      <object_component id="oc-2f6">
         <name>.debug_info</name>
         <load_address>0xcd4e</load_address>
         <run_address>0xcd4e</run_address>
         <size>0x39</size>
         <input_file_ref idref="fl-140"/>
      </object_component>
      <object_component id="oc-2fb">
         <name>.debug_info</name>
         <load_address>0xcd87</load_address>
         <run_address>0xcd87</run_address>
         <size>0xcd</size>
         <input_file_ref idref="fl-140"/>
      </object_component>
      <object_component id="oc-2f3">
         <name>.debug_info</name>
         <load_address>0xce54</load_address>
         <run_address>0xce54</run_address>
         <size>0x1c1</size>
         <input_file_ref idref="fl-141"/>
      </object_component>
      <object_component id="oc-1fc">
         <name>.debug_info</name>
         <load_address>0xd015</load_address>
         <run_address>0xd015</run_address>
         <size>0x164</size>
         <input_file_ref idref="fl-141"/>
      </object_component>
      <object_component id="oc-35c">
         <name>.debug_info</name>
         <load_address>0xd179</load_address>
         <run_address>0xd179</run_address>
         <size>0x2c</size>
         <input_file_ref idref="fl-141"/>
      </object_component>
      <object_component id="oc-327">
         <name>.debug_info</name>
         <load_address>0xd1a5</load_address>
         <run_address>0xd1a5</run_address>
         <size>0x128</size>
         <input_file_ref idref="fl-142"/>
      </object_component>
      <object_component id="oc-259">
         <name>.debug_info</name>
         <load_address>0xd2cd</load_address>
         <run_address>0xd2cd</run_address>
         <size>0x1ce</size>
         <input_file_ref idref="fl-143"/>
      </object_component>
      <object_component id="oc-235">
         <name>.debug_info</name>
         <load_address>0xd49b</load_address>
         <run_address>0xd49b</run_address>
         <size>0x1ab</size>
         <input_file_ref idref="fl-143"/>
      </object_component>
      <object_component id="oc-254">
         <name>.debug_info</name>
         <load_address>0xd646</load_address>
         <run_address>0xd646</run_address>
         <size>0x233</size>
         <input_file_ref idref="fl-143"/>
      </object_component>
      <object_component id="oc-ad">
         <name>.debug_info</name>
         <load_address>0xd879</load_address>
         <run_address>0xd879</run_address>
         <size>0x28a</size>
         <input_file_ref idref="fl-143"/>
      </object_component>
      <object_component id="oc-167">
         <name>.debug_info</name>
         <load_address>0xdb03</load_address>
         <run_address>0xdb03</run_address>
         <size>0x25d</size>
         <input_file_ref idref="fl-143"/>
      </object_component>
      <object_component id="oc-23b">
         <name>.debug_info</name>
         <load_address>0xdd60</load_address>
         <run_address>0xdd60</run_address>
         <size>0x237</size>
         <input_file_ref idref="fl-143"/>
      </object_component>
      <object_component id="oc-272">
         <name>.debug_info</name>
         <load_address>0xdf97</load_address>
         <run_address>0xdf97</run_address>
         <size>0x90</size>
         <input_file_ref idref="fl-143"/>
      </object_component>
      <object_component id="oc-211">
         <name>.debug_info</name>
         <load_address>0xe027</load_address>
         <run_address>0xe027</run_address>
         <size>0x18b</size>
         <input_file_ref idref="fl-143"/>
      </object_component>
      <object_component id="oc-263">
         <name>.debug_info</name>
         <load_address>0xe1b2</load_address>
         <run_address>0xe1b2</run_address>
         <size>0x1cf</size>
         <input_file_ref idref="fl-144"/>
      </object_component>
      <object_component id="oc-e8">
         <name>.debug_info</name>
         <load_address>0xe381</load_address>
         <run_address>0xe381</run_address>
         <size>0x21e</size>
         <input_file_ref idref="fl-144"/>
      </object_component>
      <object_component id="oc-100">
         <name>.debug_info</name>
         <load_address>0xe59f</load_address>
         <run_address>0xe59f</run_address>
         <size>0x1e8</size>
         <input_file_ref idref="fl-144"/>
      </object_component>
      <object_component id="oc-ef">
         <name>.debug_info</name>
         <load_address>0xe787</load_address>
         <run_address>0xe787</run_address>
         <size>0x1f8</size>
         <input_file_ref idref="fl-144"/>
      </object_component>
      <object_component id="oc-10b">
         <name>.debug_info</name>
         <load_address>0xe97f</load_address>
         <run_address>0xe97f</run_address>
         <size>0x1f6</size>
         <input_file_ref idref="fl-144"/>
      </object_component>
      <object_component id="oc-111">
         <name>.debug_info</name>
         <load_address>0xeb75</load_address>
         <run_address>0xeb75</run_address>
         <size>0x1e3</size>
         <input_file_ref idref="fl-144"/>
      </object_component>
      <object_component id="oc-fb">
         <name>.debug_info</name>
         <load_address>0xed58</load_address>
         <run_address>0xed58</run_address>
         <size>0x1e5</size>
         <input_file_ref idref="fl-144"/>
      </object_component>
      <object_component id="oc-e3">
         <name>.debug_info</name>
         <load_address>0xef3d</load_address>
         <run_address>0xef3d</run_address>
         <size>0x1f0</size>
         <input_file_ref idref="fl-144"/>
      </object_component>
      <object_component id="oc-dd">
         <name>.debug_info</name>
         <load_address>0xf12d</load_address>
         <run_address>0xf12d</run_address>
         <size>0x1fa</size>
         <input_file_ref idref="fl-144"/>
      </object_component>
      <object_component id="oc-2bc">
         <name>.debug_info</name>
         <load_address>0xf327</load_address>
         <run_address>0xf327</run_address>
         <size>0x144</size>
         <input_file_ref idref="fl-145"/>
      </object_component>
      <object_component id="oc-180">
         <name>.debug_info</name>
         <load_address>0xf46b</load_address>
         <run_address>0xf46b</run_address>
         <size>0x1c5</size>
         <input_file_ref idref="fl-145"/>
      </object_component>
      <object_component id="oc-1b0">
         <name>.debug_info</name>
         <load_address>0xf630</load_address>
         <run_address>0xf630</run_address>
         <size>0x18b</size>
         <input_file_ref idref="fl-145"/>
      </object_component>
      <object_component id="oc-21b">
         <name>.debug_info</name>
         <load_address>0xf7bb</load_address>
         <run_address>0xf7bb</run_address>
         <size>0x226</size>
         <input_file_ref idref="fl-146"/>
      </object_component>
      <object_component id="oc-2b2">
         <name>.debug_info</name>
         <load_address>0xf9e1</load_address>
         <run_address>0xf9e1</run_address>
         <size>0xff</size>
         <input_file_ref idref="fl-146"/>
      </object_component>
      <object_component id="oc-2b5">
         <name>.debug_info</name>
         <load_address>0xfae0</load_address>
         <run_address>0xfae0</run_address>
         <size>0x10b</size>
         <input_file_ref idref="fl-146"/>
      </object_component>
      <object_component id="oc-340">
         <name>.debug_info</name>
         <load_address>0xfbeb</load_address>
         <run_address>0xfbeb</run_address>
         <size>0x105</size>
         <input_file_ref idref="fl-146"/>
      </object_component>
      <object_component id="oc-2b8">
         <name>.debug_info</name>
         <load_address>0xfcf0</load_address>
         <run_address>0xfcf0</run_address>
         <size>0x112</size>
         <input_file_ref idref="fl-146"/>
      </object_component>
      <object_component id="oc-22f">
         <name>.debug_info</name>
         <load_address>0xfe02</load_address>
         <run_address>0xfe02</run_address>
         <size>0x1e7</size>
         <input_file_ref idref="fl-146"/>
      </object_component>
      <object_component id="oc-8e">
         <name>.debug_info</name>
         <load_address>0xffe9</load_address>
         <run_address>0xffe9</run_address>
         <size>0x1e1</size>
         <input_file_ref idref="fl-146"/>
      </object_component>
      <object_component id="oc-d0">
         <name>.debug_info</name>
         <load_address>0x101ca</load_address>
         <run_address>0x101ca</run_address>
         <size>0x1eb</size>
         <input_file_ref idref="fl-146"/>
      </object_component>
      <object_component id="oc-2a6">
         <name>.debug_info</name>
         <load_address>0x103b5</load_address>
         <run_address>0x103b5</run_address>
         <size>0x264</size>
         <input_file_ref idref="fl-146"/>
      </object_component>
      <object_component id="oc-2ac">
         <name>.debug_info</name>
         <load_address>0x10619</load_address>
         <run_address>0x10619</run_address>
         <size>0x21e</size>
         <input_file_ref idref="fl-146"/>
      </object_component>
      <object_component id="oc-179">
         <name>.debug_info</name>
         <load_address>0x10837</load_address>
         <run_address>0x10837</run_address>
         <size>0x4c5</size>
         <input_file_ref idref="fl-146"/>
      </object_component>
      <object_component id="oc-313">
         <name>.debug_info</name>
         <load_address>0x10cfc</load_address>
         <run_address>0x10cfc</run_address>
         <size>0x5f</size>
         <input_file_ref idref="fl-146"/>
      </object_component>
      <object_component id="oc-2d9">
         <name>.debug_info</name>
         <load_address>0x10d5b</load_address>
         <run_address>0x10d5b</run_address>
         <size>0x1c3</size>
         <input_file_ref idref="fl-147"/>
      </object_component>
      <object_component id="oc-1d3">
         <name>.debug_info</name>
         <load_address>0x10f1e</load_address>
         <run_address>0x10f1e</run_address>
         <size>0x1a6</size>
         <input_file_ref idref="fl-147"/>
      </object_component>
      <object_component id="oc-198">
         <name>.debug_info</name>
         <load_address>0x110c4</load_address>
         <run_address>0x110c4</run_address>
         <size>0x25f</size>
         <input_file_ref idref="fl-147"/>
      </object_component>
      <object_component id="oc-1d9">
         <name>.debug_info</name>
         <load_address>0x11323</load_address>
         <run_address>0x11323</run_address>
         <size>0x1fe</size>
         <input_file_ref idref="fl-147"/>
      </object_component>
      <object_component id="oc-1b6">
         <name>.debug_info</name>
         <load_address>0x11521</load_address>
         <run_address>0x11521</run_address>
         <size>0x263</size>
         <input_file_ref idref="fl-147"/>
      </object_component>
      <object_component id="oc-1cd">
         <name>.debug_info</name>
         <load_address>0x11784</load_address>
         <run_address>0x11784</run_address>
         <size>0x3c2</size>
         <input_file_ref idref="fl-147"/>
      </object_component>
      <object_component id="oc-2de">
         <name>.debug_info</name>
         <load_address>0x11b46</load_address>
         <run_address>0x11b46</run_address>
         <size>0x1ba</size>
         <input_file_ref idref="fl-148"/>
      </object_component>
      <object_component id="oc-2e0">
         <name>.debug_info</name>
         <load_address>0x11d00</load_address>
         <run_address>0x11d00</run_address>
         <size>0x1c2</size>
         <input_file_ref idref="fl-148"/>
      </object_component>
      <object_component id="oc-2db">
         <name>.debug_info</name>
         <load_address>0x11ec2</load_address>
         <run_address>0x11ec2</run_address>
         <size>0x100</size>
         <input_file_ref idref="fl-148"/>
      </object_component>
      <object_component id="oc-19e">
         <name>.debug_info</name>
         <load_address>0x11fc2</load_address>
         <run_address>0x11fc2</run_address>
         <size>0x22d</size>
         <input_file_ref idref="fl-148"/>
      </object_component>
      <object_component id="oc-1a9">
         <name>.debug_info</name>
         <load_address>0x121ef</load_address>
         <run_address>0x121ef</run_address>
         <size>0x1a2</size>
         <input_file_ref idref="fl-148"/>
      </object_component>
      <object_component id="oc-1a3">
         <name>.debug_info</name>
         <load_address>0x12391</load_address>
         <run_address>0x12391</run_address>
         <size>0x1cc</size>
         <input_file_ref idref="fl-148"/>
      </object_component>
      <object_component id="oc-216">
         <name>.debug_info</name>
         <load_address>0x1255d</load_address>
         <run_address>0x1255d</run_address>
         <size>0x1d7</size>
         <input_file_ref idref="fl-149"/>
      </object_component>
      <object_component id="oc-22a">
         <name>.debug_info</name>
         <load_address>0x12734</load_address>
         <run_address>0x12734</run_address>
         <size>0x10d</size>
         <input_file_ref idref="fl-149"/>
      </object_component>
      <object_component id="oc-82">
         <name>.debug_info</name>
         <load_address>0x12841</load_address>
         <run_address>0x12841</run_address>
         <size>0x207</size>
         <input_file_ref idref="fl-149"/>
      </object_component>
      <object_component id="oc-223">
         <name>.debug_info</name>
         <load_address>0x12a48</load_address>
         <run_address>0x12a48</run_address>
         <size>0x217</size>
         <input_file_ref idref="fl-149"/>
      </object_component>
      <object_component id="oc-21d">
         <name>.debug_info</name>
         <load_address>0x12c5f</load_address>
         <run_address>0x12c5f</run_address>
         <size>0x312</size>
         <input_file_ref idref="fl-149"/>
      </object_component>
      <object_component id="oc-a0">
         <name>.debug_info</name>
         <load_address>0x12f71</load_address>
         <run_address>0x12f71</run_address>
         <size>0x1df</size>
         <input_file_ref idref="fl-149"/>
      </object_component>
      <object_component id="oc-1c6">
         <name>.debug_info</name>
         <load_address>0x13150</load_address>
         <run_address>0x13150</run_address>
         <size>0x1dd</size>
         <input_file_ref idref="fl-149"/>
      </object_component>
      <object_component id="oc-94">
         <name>.debug_info</name>
         <load_address>0x1332d</load_address>
         <run_address>0x1332d</run_address>
         <size>0x1eb</size>
         <input_file_ref idref="fl-149"/>
      </object_component>
      <object_component id="oc-d6">
         <name>.debug_info</name>
         <load_address>0x13518</load_address>
         <run_address>0x13518</run_address>
         <size>0x1e9</size>
         <input_file_ref idref="fl-149"/>
      </object_component>
      <object_component id="oc-2be">
         <name>.debug_info</name>
         <load_address>0x13701</load_address>
         <run_address>0x13701</run_address>
         <size>0x1dd</size>
         <input_file_ref idref="fl-149"/>
      </object_component>
      <object_component id="oc-b2">
         <name>.debug_info</name>
         <load_address>0x138de</load_address>
         <run_address>0x138de</run_address>
         <size>0x1dd</size>
         <input_file_ref idref="fl-149"/>
      </object_component>
      <object_component id="oc-161">
         <name>.debug_info</name>
         <load_address>0x13abb</load_address>
         <run_address>0x13abb</run_address>
         <size>0x1df</size>
         <input_file_ref idref="fl-149"/>
      </object_component>
      <object_component id="oc-9a">
         <name>.debug_info</name>
         <load_address>0x13c9a</load_address>
         <run_address>0x13c9a</run_address>
         <size>0x1e4</size>
         <input_file_ref idref="fl-149"/>
      </object_component>
      <object_component id="oc-191">
         <name>.debug_info</name>
         <load_address>0x13e7e</load_address>
         <run_address>0x13e7e</run_address>
         <size>0x21f</size>
         <input_file_ref idref="fl-149"/>
      </object_component>
      <object_component id="oc-18b">
         <name>.debug_info</name>
         <load_address>0x1409d</load_address>
         <run_address>0x1409d</run_address>
         <size>0x1f3</size>
         <input_file_ref idref="fl-149"/>
      </object_component>
      <object_component id="oc-173">
         <name>.debug_info</name>
         <load_address>0x14290</load_address>
         <run_address>0x14290</run_address>
         <size>0x189</size>
         <input_file_ref idref="fl-14a"/>
      </object_component>
      <object_component id="oc-16e">
         <name>.debug_info</name>
         <load_address>0x14419</load_address>
         <run_address>0x14419</run_address>
         <size>0x171</size>
         <input_file_ref idref="fl-14a"/>
      </object_component>
      <object_component id="oc-34e">
         <name>.debug_info</name>
         <load_address>0x1458a</load_address>
         <run_address>0x1458a</run_address>
         <size>0x1a6</size>
         <input_file_ref idref="fl-14b"/>
      </object_component>
      <object_component id="oc-2c5">
         <name>.debug_info</name>
         <load_address>0x14730</load_address>
         <run_address>0x14730</run_address>
         <size>0x1d8</size>
         <input_file_ref idref="fl-14b"/>
      </object_component>
      <object_component id="oc-2cb">
         <name>.debug_info</name>
         <load_address>0x14908</load_address>
         <run_address>0x14908</run_address>
         <size>0x22c</size>
         <input_file_ref idref="fl-14b"/>
      </object_component>
      <object_component id="oc-2d1">
         <name>.debug_info</name>
         <load_address>0x14b34</load_address>
         <run_address>0x14b34</run_address>
         <size>0x1e2</size>
         <input_file_ref idref="fl-14b"/>
      </object_component>
      <object_component id="oc-2e4">
         <name>.debug_info</name>
         <load_address>0x14d16</load_address>
         <run_address>0x14d16</run_address>
         <size>0x176</size>
         <input_file_ref idref="fl-14c"/>
      </object_component>
      <object_component id="oc-25c">
         <name>.debug_info</name>
         <load_address>0x14e8c</load_address>
         <run_address>0x14e8c</run_address>
         <size>0x1a8</size>
         <input_file_ref idref="fl-14d"/>
      </object_component>
      <object_component id="oc-be">
         <name>.debug_info</name>
         <load_address>0x15034</load_address>
         <run_address>0x15034</run_address>
         <size>0x297</size>
         <input_file_ref idref="fl-14d"/>
      </object_component>
      <object_component id="oc-c4">
         <name>.debug_info</name>
         <load_address>0x152cb</load_address>
         <run_address>0x152cb</run_address>
         <size>0x204</size>
         <input_file_ref idref="fl-14d"/>
      </object_component>
      <object_component id="oc-122">
         <name>.debug_info</name>
         <load_address>0x154cf</load_address>
         <run_address>0x154cf</run_address>
         <size>0x2fb</size>
         <input_file_ref idref="fl-14d"/>
      </object_component>
      <object_component id="oc-b8">
         <name>.debug_info</name>
         <load_address>0x157ca</load_address>
         <run_address>0x157ca</run_address>
         <size>0x28a</size>
         <input_file_ref idref="fl-14d"/>
      </object_component>
      <object_component id="oc-116">
         <name>.debug_info</name>
         <load_address>0x15a54</load_address>
         <run_address>0x15a54</run_address>
         <size>0x208</size>
         <input_file_ref idref="fl-14d"/>
      </object_component>
      <object_component id="oc-11c">
         <name>.debug_info</name>
         <load_address>0x15c5c</load_address>
         <run_address>0x15c5c</run_address>
         <size>0x245</size>
         <input_file_ref idref="fl-14d"/>
      </object_component>
      <object_component id="oc-ca">
         <name>.debug_info</name>
         <load_address>0x15ea1</load_address>
         <run_address>0x15ea1</run_address>
         <size>0x1f8</size>
         <input_file_ref idref="fl-14d"/>
      </object_component>
      <object_component id="oc-38c">
         <name>.debug_info</name>
         <load_address>0x16099</load_address>
         <run_address>0x16099</run_address>
         <size>0xa6</size>
      </object_component>
      <object_component id="oc-27c">
         <name>.debug_line</name>
         <load_address>0x0</load_address>
         <run_address>0x0</run_address>
         <size>0x35</size>
         <input_file_ref idref="fl-2"/>
      </object_component>
      <object_component id="oc-1e5">
         <name>.debug_line</name>
         <load_address>0x35</load_address>
         <run_address>0x35</run_address>
         <size>0x20</size>
         <input_file_ref idref="fl-2"/>
      </object_component>
      <object_component id="oc-26a">
         <name>.debug_line</name>
         <load_address>0x55</load_address>
         <run_address>0x55</run_address>
         <size>0x30d</size>
         <input_file_ref idref="fl-3"/>
      </object_component>
      <object_component id="oc-2a0">
         <name>.debug_line</name>
         <load_address>0x362</load_address>
         <run_address>0x362</run_address>
         <size>0x30</size>
         <input_file_ref idref="fl-3"/>
      </object_component>
      <object_component id="oc-290">
         <name>.debug_line</name>
         <load_address>0x392</load_address>
         <run_address>0x392</run_address>
         <size>0x30</size>
         <input_file_ref idref="fl-3"/>
      </object_component>
      <object_component id="oc-292">
         <name>.debug_line</name>
         <load_address>0x3c2</load_address>
         <run_address>0x3c2</run_address>
         <size>0x30</size>
         <input_file_ref idref="fl-3"/>
      </object_component>
      <object_component id="oc-294">
         <name>.debug_line</name>
         <load_address>0x3f2</load_address>
         <run_address>0x3f2</run_address>
         <size>0x30</size>
         <input_file_ref idref="fl-3"/>
      </object_component>
      <object_component id="oc-296">
         <name>.debug_line</name>
         <load_address>0x422</load_address>
         <run_address>0x422</run_address>
         <size>0x30</size>
         <input_file_ref idref="fl-3"/>
      </object_component>
      <object_component id="oc-298">
         <name>.debug_line</name>
         <load_address>0x452</load_address>
         <run_address>0x452</run_address>
         <size>0x30</size>
         <input_file_ref idref="fl-3"/>
      </object_component>
      <object_component id="oc-29a">
         <name>.debug_line</name>
         <load_address>0x482</load_address>
         <run_address>0x482</run_address>
         <size>0x30</size>
         <input_file_ref idref="fl-3"/>
      </object_component>
      <object_component id="oc-29c">
         <name>.debug_line</name>
         <load_address>0x4b2</load_address>
         <run_address>0x4b2</run_address>
         <size>0x30</size>
[...]
         <value>0x59555</value>
         <object_component_ref idref="oc-a5"/>
      </symbol>
      <symbol id="sm-2bc">
         <name>EPIGPIOinit</name>
         <value>0x59e61</value>
         <object_component_ref idref="oc-184"/>
      </symbol>
      <symbol id="sm-366">
         <name>TFTLCD_ShowPicture</name>
         <value>0x58f51</value>
         <object_component_ref idref="oc-13b"/>
      </symbol>
      <symbol id="sm-367">
         <name>asc2_1608</name>
         <value>0x55df0</value>
         <object_component_ref idref="oc-28a"/>
      </symbol>
      <symbol id="sm-368">
         <name>TFTLCD_ExitSleep</name>
         <value>0x582f7</value>
         <object_component_ref idref="oc-13b"/>
      </symbol>
      <symbol id="sm-369">
         <name>WriteData</name>
         <value>0x2000024c</value>
         <object_component_ref idref="oc-287"/>
      </symbol>
      <symbol id="sm-36a">
         <name>TFTLCD_DrawVerticalLine</name>
         <value>0x590b3</value>
         <object_component_ref idref="oc-13b"/>
      </symbol>
      <symbol id="sm-36b">
         <name>TFTLCD_ShowData</name>
         <value>0x58e49</value>
         <object_component_ref idref="oc-13b"/>
      </symbol>
      <symbol id="sm-36c">
         <name>TFTLCD_DrawHorizontalLine</name>
         <value>0x59069</value>
         <object_component_ref idref="oc-13b"/>
      </symbol>
      <symbol id="sm-36d">
         <name>TFTLCD_ShowString</name>
         <value>0x58d2f</value>
         <object_component_ref idref="oc-13b"/>
      </symbol>
      <symbol id="sm-36e">
         <name>TFTLCD_REFRESH_GRAM</name>
         <value>0x58bb1</value>
         <object_component_ref idref="oc-13b"/>
      </symbol>
      <symbol id="sm-36f">
         <name>TFTLCD_CLEAR</name>
         <value>0x58d8d</value>
         <object_component_ref idref="oc-13b"/>
      </symbol>
      <symbol id="sm-370">
         <name>TFTLCD_SetPos</name>
         <value>0x58bc5</value>
         <object_component_ref idref="oc-13b"/>
      </symbol>
      <symbol id="sm-371">
         <name>TFTLCD_EnterSleep</name>
         <value>0x58277</value>
         <object_component_ref idref="oc-13b"/>
      </symbol>
      <symbol id="sm-372">
         <name>InitGPIOLCDInterface</name>
         <value>0x581b9</value>
         <object_component_ref idref="oc-13b"/>
      </symbol>
      <symbol id="sm-373">
         <name>TFTLCD_FillBlock</name>
         <value>0x58de1</value>
         <object_component_ref idref="oc-13b"/>
      </symbol>
      <symbol id="sm-374">
         <name>TFTLCD_ShowChar</name>
         <value>0x58c9f</value>
         <object_component_ref idref="oc-13b"/>
      </symbol>
      <symbol id="sm-375">
         <name>WriteCommand</name>
         <value>0x20000250</value>
         <object_component_ref idref="oc-287"/>
      </symbol>
      <symbol id="sm-376">
         <name>TFTLCD_DrawLine</name>
         <value>0x59119</value>
         <object_component_ref idref="oc-13b"/>
      </symbol>
      <symbol id="sm-377">
         <name>TFTLCD_DrawPoint</name>
         <value>0x58c7d</value>
         <object_component_ref idref="oc-13b"/>
      </symbol>
      <symbol id="sm-378">
         <name>TFT_400x240_OTM4001Ainit</name>
         <value>0x583ad</value>
         <object_component_ref idref="oc-13b"/>
      </symbol>
      <symbol id="sm-3ad">
         <name>SoftSPI_GetData</name>
         <value>0x599d3</value>
         <object_component_ref idref="oc-36"/>
      </symbol>
      <symbol id="sm-3ae">
         <name>SSIinit</name>
         <value>0x59885</value>
         <object_component_ref idref="oc-36"/>
      </symbol>
      <symbol id="sm-3af">
         <name>SoftSPIinit</name>
         <value>0x598ed</value>
         <object_component_ref idref="oc-36"/>
      </symbol>
      <symbol id="sm-3b0">
         <name>TOUCH_TSC2046init</name>
         <value>0x59b85</value>
         <object_component_ref idref="oc-36"/>
      </symbol>
      <symbol id="sm-3b1">
         <name>TouchInit</name>
         <value>0x5991f</value>
         <object_component_ref idref="oc-36"/>
      </symbol>
      <symbol id="sm-3b2">
         <name>SoftSPI_PutData</name>
         <value>0x59953</value>
         <object_component_ref idref="oc-36"/>
      </symbol>
      <symbol id="sm-3b3">
         <name>touch_getx</name>
         <value>0x59a65</value>
         <object_component_ref idref="oc-36"/>
      </symbol>
      <symbol id="sm-3b4">
         <name>touch_gety</name>
         <value>0x59af5</value>
         <object_component_ref idref="oc-36"/>
      </symbol>
      <symbol id="sm-3b5">
         <name>IntGPIOb</name>
         <value>0x59c4d</value>
         <object_component_ref idref="oc-36"/>
      </symbol>
      <symbol id="sm-3b6">
         <name>TOUCH_PointAdjust</name>
         <value>0x59bbd</value>
         <object_component_ref idref="oc-36"/>
      </symbol>
      <symbol id="sm-3cf">
         <name>_nop</name>
         <value>0x5ab6b</value>
         <object_component_ref idref="oc-87"/>
      </symbol>
      <symbol id="sm-3d0">
         <name>_lock</name>
         <value>0x20000254</value>
         <object_component_ref idref="oc-205"/>
      </symbol>
      <symbol id="sm-3d1">
         <name>_unlock</name>
         <value>0x20000258</value>
         <object_component_ref idref="oc-205"/>
      </symbol>
      <symbol id="sm-3d2">
         <name>_register_lock</name>
         <value>0x5ab63</value>
         <object_component_ref idref="oc-87"/>
      </symbol>
      <symbol id="sm-3d3">
         <name>_register_unlock</name>
         <value>0x5ab5d</value>
         <object_component_ref idref="oc-87"/>
      </symbol>
      <symbol id="sm-3e5">
         <name>_c_int00</name>
         <value>0x5a689</value>
         <object_component_ref idref="oc-24"/>
      </symbol>
      <symbol id="sm-3e6">
         <name>__stack</name>
         <value>0x20000000</value>
         <object_component_ref idref="oc-29"/>
      </symbol>
      <symbol id="sm-3fd">
         <name>__TI_decompress_none</name>
         <value>0x5ac3d</value>
         <object_component_ref idref="oc-12"/>
      </symbol>
      <symbol id="sm-420">
         <name>__TI_decompress_rle24</name>
         <value>0x5aced</value>
         <object_component_ref idref="oc-18"/>
      </symbol>
      <symbol id="sm-432">
         <name>__TI_zero_init</name>
         <value>0x5ac6f</value>
         <object_component_ref idref="oc-1e"/>
      </symbol>
      <symbol id="sm-451">
         <name>C$$EXIT</name>
         <value>0x5a7fd</value>
         <object_component_ref idref="oc-76"/>
      </symbol>
      <symbol id="sm-452">
         <name>abort</name>
         <value>0x5a801</value>
         <object_component_ref idref="oc-76"/>
      </symbol>
      <symbol id="sm-453">
         <name>exit</name>
         <value>0x5a809</value>
         <object_component_ref idref="oc-76"/>
      </symbol>
      <symbol id="sm-454">
         <name>__TI_dtors_ptr</name>
         <value>0x20000260</value>
         <object_component_ref idref="oc-208"/>
      </symbol>
      <symbol id="sm-455">
         <name>__TI_cleanup_ptr</name>
         <value>0x2000025c</value>
         <object_component_ref idref="oc-208"/>
      </symbol>
      <symbol id="sm-475">
         <name>__aeabi_ddiv</name>
         <value>0x59fa5</value>
         <object_component_ref idref="oc-12c"/>
      </symbol>
      <symbol id="sm-48c">
         <name>__aeabi_dmul</name>
         <value>0x5a20b</value>
         <object_component_ref idref="oc-131"/>
      </symbol>
      <symbol id="sm-499">
         <name>__aeabi_d2f</name>
         <value>0x5a7b5</value>
         <object_component_ref idref="oc-136"/>
      </symbol>
      <symbol id="sm-4b4">
         <name>memcpy</name>
         <value>0x5a307</value>
         <object_component_ref idref="oc-3f"/>
      </symbol>
      <symbol id="sm-4b5">
         <name>__aeabi_memcpy</name>
         <value>0x5a307</value>
         <object_component_ref idref="oc-3f"/>
      </symbol>
      <symbol id="sm-4b6">
         <name>__aeabi_memcpy8</name>
         <value>0x5a307</value>
         <object_component_ref idref="oc-3f"/>
      </symbol>
      <symbol id="sm-4b7">
         <name>__aeabi_memcpy4</name>
         <value>0x5a307</value>
         <object_component_ref idref="oc-3f"/>
      </symbol>
      <symbol id="sm-4c6">
         <name>__aeabi_memset</name>
         <value>0x5a425</value>
         <object_component_ref idref="oc-58"/>
      </symbol>
      <symbol id="sm-4c7">
         <name>memset</name>
         <value>0x5a42b</value>
         <object_component_ref idref="oc-58"/>
      </symbol>
      <symbol id="sm-4c8">
         <name>__aeabi_memset8</name>
         <value>0x5a425</value>
         <object_component_ref idref="oc-58"/>
      </symbol>
      <symbol id="sm-4c9">
         <name>__aeabi_memset4</name>
         <value>0x5a425</value>
         <object_component_ref idref="oc-58"/>
      </symbol>
      <symbol id="sm-4ca">
         <name>__aeabi_memclr8</name>
         <value>0x5a423</value>
         <object_component_ref idref="oc-58"/>
      </symbol>
      <symbol id="sm-4cb">
         <name>__aeabi_memclr4</name>
         <value>0x5a423</value>
         <object_component_ref idref="oc-58"/>
      </symbol>
      <symbol id="sm-4cc">
         <name>__aeabi_memclr</name>
         <value>0x5a423</value>
         <object_component_ref idref="oc-58"/>
      </symbol>
      <symbol id="sm-4d6">
         <name>_system_pre_init</name>
         <value>0x5acff</value>
         <object_component_ref idref="oc-64"/>
      </symbol>
      <symbol id="sm-4de">
         <name>main_func_sp</name>
         <value>0x2000026c</value>
         <object_component_ref idref="oc-7c"/>
      </symbol>
      <symbol id="sm-4f0">
         <name>__aeabi_uidivmod</name>
         <value>0x5a8c3</value>
         <object_component_ref idref="oc-246"/>
      </symbol>
      <symbol id="sm-4f1">
         <name>__aeabi_uidiv</name>
         <value>0x5a8c3</value>
         <object_component_ref idref="oc-246"/>
      </symbol>
      <symbol id="sm-4fd">
         <name>__aeabi_ui2d</name>
         <value>0x5aa47</value>
         <object_component_ref idref="oc-127"/>
      </symbol>
      <symbol id="sm-512">
         <name>_args_main</name>
         <value>0x5aaf1</value>
         <object_component_ref idref="oc-70"/>
      </symbol>
      <symbol id="sm-538">
         <name>__TI_auto_init</name>
         <value>0x5a49d</value>
         <object_component_ref idref="oc-6a"/>
      </symbol>
      <symbol id="sm-552">
         <name>copy_in</name>
         <value>0x5a6d9</value>
         <object_component_ref idref="oc-1fb"/>
      </symbol>
      <symbol id="sm-55c">
         <name>__aeabi_idiv0</name>
         <value>0x5a573</value>
         <object_component_ref idref="oc-324"/>
      </symbol>
      <symbol id="sm-59f">
         <name>UARTConfigSetExpClk</name>
         <value>0x5a883</value>
         <object_component_ref idref="oc-ab"/>
      </symbol>
      <symbol id="sm-5a0">
         <name>UARTDisable</name>
         <value>0x5aaa1</value>
         <object_component_ref idref="oc-252"/>
      </symbol>
      <symbol id="sm-5a1">
         <name>UARTCharPut</name>
         <value>0x5acc3</value>
         <object_component_ref idref="oc-166"/>
      </symbol>
      <symbol id="sm-5a2">
         <name>UARTEnable</name>
         <value>0x5ab49</value>
         <object_component_ref idref="oc-234"/>
      </symbol>
      <symbol id="sm-5a3">
         <name>UARTCharGet</name>
         <value>0x5acb9</value>
         <object_component_ref idref="oc-23a"/>
      </symbol>
      <symbol id="sm-5f0">
         <name>TimerLoadSet</name>
         <value>0x5abdd</value>
         <object_component_ref idref="oc-e7"/>
      </symbol>
      <symbol id="sm-5f1">
         <name>TimerDisable</name>
         <value>0x5ab35</value>
         <object_component_ref idref="oc-f9"/>
      </symbol>
      <symbol id="sm-5f2">
         <name>TimerEnable</name>
         <value>0x5ac2f</value>
         <object_component_ref idref="oc-10f"/>
      </symbol>
      <symbol id="sm-5f3">
         <name>TimerIntStatus</name>
         <value>0x5acaf</value>
         <object_component_ref idref="oc-ff"/>
      </symbol>
      <symbol id="sm-5f4">
         <name>TimerIntEnable</name>
         <value>0x5accd</value>
         <object_component_ref idref="oc-ed"/>
      </symbol>
      <symbol id="sm-5f5">
         <name>TimerClockSourceSet</name>
         <value>0x5ace7</value>
         <object_component_ref idref="oc-db"/>
      </symbol>
      <symbol id="sm-5f6">
         <name>TimerConfigure</name>
         <value>0x5a5d5</value>
         <object_component_ref idref="oc-e1"/>
      </symbol>
      <symbol id="sm-5f7">
         <name>TimerIntClear</name>
         <value>0x5acfb</value>
         <object_component_ref idref="oc-109"/>
      </symbol>
      <symbol id="sm-610">
         <name>SysTickIntEnable</name>
         <value>0x5ab21</value>
         <object_component_ref idref="oc-1ae"/>
      </symbol>
      <symbol id="sm-611">
         <name>SysTickPeriodSet</name>
         <value>0x5ac11</value>
         <object_component_ref idref="oc-17e"/>
      </symbol>
      <symbol id="sm-69d">
         <name>SysCtlGPIOAHBEnable</name>
         <value>0x5aa85</value>
         <object_component_ref idref="oc-cf"/>
      </symbol>
      <symbol id="sm-69e">
         <name>SysCtlPeripheralPresent</name>
         <value>0x5a975</value>
         <object_component_ref idref="oc-22e"/>
      </symbol>
      <symbol id="sm-69f">
         <name>SysCtlDelay</name>
         <value>0x5ace1</value>
         <object_component_ref idref="oc-105"/>
      </symbol>
      <symbol id="sm-6a0">
         <name>SysCtlPeripheralEnable</name>
         <value>0x5a941</value>
         <object_component_ref idref="oc-8d"/>
      </symbol>
      <symbol id="sm-6a1">
         <name>SysCtlClockFreqSet</name>
         <value>0x59c65</value>
         <object_component_ref idref="oc-178"/>
      </symbol>
      <symbol id="sm-6d9">
         <name>SSIDataPut</name>
         <value>0x5ac9b</value>
         <object_component_ref idref="oc-196"/>
      </symbol>
      <symbol id="sm-6da">
         <name>SSIDataGet</name>
         <value>0x5ac63</value>
         <object_component_ref idref="oc-1b4"/>
      </symbol>
      <symbol id="sm-6db">
         <name>SSIDataGetNonBlocking</name>
         <value>0x5abcb</value>
         <object_component_ref idref="oc-1d7"/>
      </symbol>
      <symbol id="sm-6dc">
         <name>SSIConfigSetExpClk</name>
         <value>0x5a841</value>
         <object_component_ref idref="oc-1cb"/>
      </symbol>
      <symbol id="sm-6dd">
         <name>SSIEnable</name>
         <value>0x5aca5</value>
         <object_component_ref idref="oc-1d1"/>
      </symbol>
      <symbol id="sm-71c">
         <name>IntPrioritySet</name>
         <value>0x5aa01</value>
         <object_component_ref idref="oc-19c"/>
      </symbol>
      <symbol id="sm-71d">
         <name>IntEnable</name>
         <value>0x5a575</value>
         <object_component_ref idref="oc-1a2"/>
      </symbol>
      <symbol id="sm-71e">
         <name>IntMasterEnable</name>
         <value>0x5ac91</value>
         <object_component_ref idref="oc-1a8"/>
      </symbol>
      <symbol id="sm-79e">
         <name>GPIOPinConfigure</name>
         <value>0x5a725</value>
         <object_component_ref idref="oc-99"/>
      </symbol>
      <symbol id="sm-79f">
         <name>GPIOIntEnable</name>
         <value>0x5ac57</value>
         <object_component_ref idref="oc-18a"/>
      </symbol>
      <symbol id="sm-7a0">
         <name>GPIOIntTypeSet</name>
         <value>0x5a631</value>
         <object_component_ref idref="oc-190"/>
      </symbol>
      <symbol id="sm-7a1">
         <name>GPIOPinTypeADC</name>
         <value>0x5ab71</value>
         <object_component_ref idref="oc-b1"/>
      </symbol>
      <symbol id="sm-7a2">
         <name>GPIOPinTypeGPIOInput</name>
         <value>0x5ab95</value>
         <object_component_ref idref="oc-d5"/>
      </symbol>
      <symbol id="sm-7a3">
         <name>GPIOPinTypeUART</name>
         <value>0x5abb9</value>
         <object_component_ref idref="oc-9f"/>
      </symbol>
      <symbol id="sm-7a4">
         <name>GPIOPinTypeGPIOOutput</name>
         <value>0x5aad9</value>
         <object_component_ref idref="oc-93"/>
      </symbol>
      <symbol id="sm-7a5">
         <name>GPIOPinRead</name>
         <value>0x5acd5</value>
         <object_component_ref idref="oc-160"/>
      </symbol>
      <symbol id="sm-7a6">
         <name>GPIODirModeSet</name>
         <value>0x5a9d7</value>
         <object_component_ref idref="oc-222"/>
      </symbol>
      <symbol id="sm-7a7">
         <name>GPIOPinWrite</name>
         <value>0x5acdb</value>
         <object_component_ref idref="oc-81"/>
      </symbol>
      <symbol id="sm-7a8">
         <name>GPIOPadConfigSet</name>
         <value>0x5a0db</value>
         <object_component_ref idref="oc-21c"/>
      </symbol>
      <symbol id="sm-7a9">
         <name>GPIOPinTypeSSI</name>
         <value>0x5aba7</value>
         <object_component_ref idref="oc-1c5"/>
      </symbol>
      <symbol id="sm-7aa">
         <name>GPIOPinTypeEPI</name>
         <value>0x5ab83</value>
         <object_component_ref idref="oc-2bd"/>
      </symbol>
      <symbol id="sm-7c0">
         <name>FPULazyStackingEnable</name>
         <value>0x5ac01</value>
         <object_component_ref idref="oc-172"/>
      </symbol>
      <symbol id="sm-7c1">
         <name>FPUEnable</name>
         <value>0x5abf1</value>
         <object_component_ref idref="oc-16c"/>
      </symbol>
      <symbol id="sm-7de">
         <name>EPIModeSet</name>
         <value>0x5acf7</value>
         <object_component_ref idref="oc-2c3"/>
      </symbol>
      <symbol id="sm-7df">
         <name>EPIConfigHB16Set</name>
         <value>0x5aa25</value>
         <object_component_ref idref="oc-2c9"/>
      </symbol>
      <symbol id="sm-7e0">
         <name>EPIAddressMapSet</name>
         <value>0x5acf3</value>
         <object_component_ref idref="oc-2cf"/>
      </symbol>
      <symbol id="sm-7ea">
         <name>CPUcpsie</name>
         <value>0x5ac4b</value>
         <object_component_ref idref="oc-2e3"/>
      </symbol>
      <symbol id="sm-834">
         <name>ADCProcessorTrigger</name>
         <value>0x5ab09</value>
         <object_component_ref idref="oc-115"/>
      </symbol>
      <symbol id="sm-835">
         <name>ADCSequenceEnable</name>
         <value>0x5ac21</value>
         <object_component_ref idref="oc-c3"/>
      </symbol>
      <symbol id="sm-836">
         <name>ADCSequenceConfigure</name>
         <value>0x5a903</value>
         <object_component_ref idref="oc-b7"/>
      </symbol>
      <symbol id="sm-837">
         <name>ADCSequenceStepConfigure</name>
         <value>0x5a3a3</value>
         <object_component_ref idref="oc-bd"/>
      </symbol>
      <symbol id="sm-838">
         <name>ADCIntClear</name>
         <value>0x5ac87</value>
         <object_component_ref idref="oc-c9"/>
      </symbol>
      <symbol id="sm-839">
         <name>ADCIntStatus</name>
         <value>0x5a9a9</value>
         <object_component_ref idref="oc-11b"/>
      </symbol>
      <symbol id="sm-83a">
         <name>ADCSequenceDataGet</name>
         <value>0x5aa67</value>
         <object_component_ref idref="oc-121"/>
      </symbol>
      <symbol id="sm-83b">
         <name>__TI_static_base__</name>
         <value>0x0</value>
      </symbol>
      <symbol id="sm-83e">
         <name>SHT$$INIT_ARRAY$$Limit</name>
         <value>0x0</value>
      </symbol>
      <symbol id="sm-83f">
         <name>SHT$$INIT_ARRAY$$Base</name>
         <value>0x0</value>
      </symbol>
   </symbol_table>
   <title>Link successful</title>
</link_info>
