******************************************************************************
                  TI ARM Linker PC v5.2.5                      
******************************************************************************
>> Linked Tue Dec 22 08:26:43 2020

OUTPUT FILE NAME:   <TFT_TOUCH.out>
ENTRY POINT SYMBOL: "_c_int00"  address: 0005a689


MEMORY CONFIGURATION

         name            origin    length      used     unused   attr    fill
----------------------  --------  ---------  --------  --------  ----  --------
  FLASH                 00000000   00100000  0005ad72  000a528e  R  X
  SRAM                  20000000   00040000  000002ac  0003fd54  RW X


SEGMENT ALLOCATION MAP

run origin  load origin   length   init length attrs members
----------  ----------- ---------- ----------- ----- -------
00000000    00000000    0005ad78   0005ad78    r-x
  00000000    00000000    00000208   00000208    r-- .intvecs
  00000208    00000208    00056580   00056580    r-- .const
  00056788    00056788    0000457a   0000457a    r-x .text
  0005ad08    0005ad08    00000070   00000070    r-- .cinit
20000000    20000000    000002ac   00000000    rw-
  20000000    20000000    00000200   00000000    rw- .stack
  20000200    20000200    00000070   00000000    rw- .data
  20000270    20000270    0000003c   00000000    rw- .bss


SECTION ALLOCATION MAP

 output                                  attributes/
section   page    origin      length       input sections
--------  ----  ----------  ----------   ----------------
.intvecs   0    00000000    00000208     
                  00000000    00000208     tm4c1294ncpdt_startup_ccs.obj (.intvecs)

.const     0    00000208    00056580     
                  00000208    0002ee08     TFT_Touch.obj (.const:.string:gImage_back)
                  0002f010    00004e20     TFT_Touch.obj (.const:.string:gImage_jay2)
                  00033e30    00004e20     TFT_Touch.obj (.const:.string:gImage_jay3)
                  00038c50    00004e20     TFT_Touch.obj (.const:.string:gImage_jay4)
                  0003da70    00004e20     TFT_Touch.obj (.const:.string:gImage_jay)
                  00042890    00004d58     TFT_Touch.obj (.const:.string:gImage_eason2)
                  000475e8    00004d58     TFT_Touch.obj (.const:.string:gImage_eason3)
                  0004c340    00004d58     TFT_Touch.obj (.const:.string:gImage_eason4)
                  00051098    00004d58     TFT_Touch.obj (.const:.string:gImage_eason)
                  00055df0    00000600     TFT_400x240_OTM4001A_16bit.obj (.const:asc2_1608)
                  000563f0    00000120     driverlib.lib : sysctl.obj (.const:g_pppui32XTALtoVCO)
                  00056510    0000009c                   : interrupt.obj (.const:g_pui32Regs)
                  000565ac    00000090                   : gpio.obj (.const:g_pui32GPIOBaseAddrs)
                  0005663c    00000070                   : interrupt.obj (.const)
                  000566ac    0000006c                   : sysctl.obj (.const:g_pui32Xtals)
                  00056718    00000030                   : sysctl.obj (.const:g_sXTALtoMEMTIM)
                  00056748    0000001c     uartstdio.obj (.const)
                  00056764    00000012     uartstdio.obj (.const:.string)
                  00056776    00000008     TFT_Touch.obj (.const:.string)
                  0005677e    00000002     --HOLE-- [fill = 0]
                  00056780    00000008     driverlib.lib : sysctl.obj (.const)

.text      0    00056788    0000457a     
                  00056788    000019a4     TFT_Touch.obj (.text)
                  0005812c    000012bc     TFT_400x240_OTM4001A_16bit.obj (.text)
                  000593e8    0000049c     uartstdio.obj (.text)
                  00059884    000003e0     TOUCH_TSC2046.obj (.text)
                  00059c64    000001fc     driverlib.lib : sysctl.obj (.text:SysCtlClockFreqSet)
                  00059e60    00000144     EPIinit.obj (.text)
                  00059fa4    00000136     rtsv7M4_T_le_v4SPD16_eabi.lib : fd_div_t2.obj (.text)
                  0005a0da    00000130     driverlib.lib : gpio.obj (.text:GPIOPadConfigSet)
                  0005a20a    000000fc     rtsv7M4_T_le_v4SPD16_eabi.lib : fd_mul_t2.obj (.text)
                  0005a306    0000009c                                   : memcpy_t2.obj (.text)
                  0005a3a2    00000080     driverlib.lib : adc.obj (.text:ADCSequenceStepConfigure)
                  0005a422    0000007a     rtsv7M4_T_le_v4SPD16_eabi.lib : memset_t2.obj (.text)
                  0005a49c    0000006c                                   : autoinit.obj (.text)
                  0005a508    0000006a                                   : copy_decompress_rle.obj (.text)
                  0005a572    00000002                                   : i_div0.obj (.text)
                  0005a574    00000060     driverlib.lib : interrupt.obj (.text:IntEnable)
                  0005a5d4    0000005c                   : timer.obj (.text:TimerConfigure)
                  0005a630    00000056                   : gpio.obj (.text:GPIOIntTypeSet)
                  0005a686    00000002     --HOLE-- [fill = 0]
                  0005a688    00000050     rtsv7M4_T_le_v4SPD16_eabi.lib : boot.obj (.text)
                  0005a6d8    0000004c                                   : cpy_tbl.obj (.text)
                  0005a724    00000048     driverlib.lib : gpio.obj (.text:GPIOPinConfigure)
                  0005a76c    00000048                   : sysctl.obj (.text:_SysCtlFrequencyGet)
                  0005a7b4    00000048     rtsv7M4_T_le_v4SPD16_eabi.lib : fd_tos_t2.obj (.text)
                  0005a7fc    00000044                                   : exit.obj (.text)
                  0005a840    00000042     driverlib.lib : ssi.obj (.text:SSIConfigSetExpClk)
                  0005a882    00000040                   : uart.obj (.text:UARTConfigSetExpClk)
                  0005a8c2    00000040     rtsv7M4_T_le_v4SPD16_eabi.lib : u_divt2.obj (.text)
                  0005a902    0000003e     driverlib.lib : adc.obj (.text:ADCSequenceConfigure)
                  0005a940    00000034                   : sysctl.obj (.text:SysCtlPeripheralEnable)
                  0005a974    00000034                   : sysctl.obj (.text:SysCtlPeripheralPresent)
                  0005a9a8    0000002e                   : adc.obj (.text:ADCIntStatus)
                  0005a9d6    0000002a                   : gpio.obj (.text:GPIODirModeSet)
                  0005aa00    00000024                   : interrupt.obj (.text:IntPrioritySet)
                  0005aa24    00000022                   : epi.obj (.text:EPIConfigHB16Set)
                  0005aa46    00000020     rtsv7M4_T_le_v4SPD16_eabi.lib : u_tofd_t2.obj (.text)
                  0005aa66    0000001e     driverlib.lib : adc.obj (.text:ADCSequenceDataGet)
                  0005aa84    0000001c                   : sysctl.obj (.text:SysCtlGPIOAHBEnable)
                  0005aaa0    0000001c                   : uart.obj (.text:UARTDisable)
                  0005aabc    0000001c                   : sysctl.obj (.text:_SysCtlMemTimingGet)
                  0005aad8    00000018                   : gpio.obj (.text:GPIOPinTypeGPIOOutput)
                  0005aaf0    00000018     rtsv7M4_T_le_v4SPD16_eabi.lib : args_main.obj (.text)
                  0005ab08    00000016     driverlib.lib : adc.obj (.text:ADCProcessorTrigger)
                  0005ab1e    00000002     --HOLE-- [fill = 0]
                  0005ab20    00000014                   : systick.obj (.text:SysTickIntEnable)
                  0005ab34    00000014                   : timer.obj (.text:TimerDisable)
                  0005ab48    00000014                   : uart.obj (.text:UARTEnable)
                  0005ab5c    00000014     rtsv7M4_T_le_v4SPD16_eabi.lib : _lock.obj (.text)
                  0005ab70    00000012     driverlib.lib : gpio.obj (.text:GPIOPinTypeADC)
                  0005ab82    00000012                   : gpio.obj (.text:GPIOPinTypeEPI)
                  0005ab94    00000012                   : gpio.obj (.text:GPIOPinTypeGPIOInput)
                  0005aba6    00000012                   : gpio.obj (.text:GPIOPinTypeSSI)
                  0005abb8    00000012                   : gpio.obj (.text:GPIOPinTypeUART)
                  0005abca    00000012                   : ssi.obj (.text:SSIDataGetNonBlocking)
                  0005abdc    00000012                   : timer.obj (.text:TimerLoadSet)
                  0005abee    00000002     --HOLE-- [fill = 0]
                  0005abf0    00000010                   : fpu.obj (.text:FPUEnable)
                  0005ac00    00000010                   : fpu.obj (.text:FPULazyStackingEnable)
                  0005ac10    00000010                   : systick.obj (.text:SysTickPeriodSet)
                  0005ac20    0000000e                   : adc.obj (.text:ADCSequenceEnable)
                  0005ac2e    0000000e                   : timer.obj (.text:TimerEnable)
                  0005ac3c    0000000e     rtsv7M4_T_le_v4SPD16_eabi.lib : copy_decompress_none.obj (.text:decompress:none)
                  0005ac4a    0000000c     driverlib.lib : cpu.obj (.text:CPUcpsie)
                  0005ac56    0000000c                   : gpio.obj (.text:GPIOIntEnable)
                  0005ac62    0000000c                   : ssi.obj (.text:SSIDataGet)
                  0005ac6e    0000000c     rtsv7M4_T_le_v4SPD16_eabi.lib : copy_zero_init.obj (.text:decompress:ZI)
                  0005ac7a    0000000c     tm4c1294ncpdt_startup_ccs.obj (.text)
                  0005ac86    0000000a     driverlib.lib : adc.obj (.text:ADCIntClear)
                  0005ac90    0000000a                   : interrupt.obj (.text:IntMasterEnable)
                  0005ac9a    0000000a                   : ssi.obj (.text:SSIDataPut)
                  0005aca4    0000000a                   : ssi.obj (.text:SSIEnable)
                  0005acae    0000000a                   : timer.obj (.text:TimerIntStatus)
                  0005acb8    0000000a                   : uart.obj (.text:UARTCharGet)
                  0005acc2    0000000a                   : uart.obj (.text:UARTCharPut)
                  0005accc    00000008                   : timer.obj (.text:TimerIntEnable)
                  0005acd4    00000006                   : gpio.obj (.text:GPIOPinRead)
                  0005acda    00000006                   : gpio.obj (.text:GPIOPinWrite)
                  0005ace0    00000006                   : sysctl.obj (.text:SysCtlDelay)
                  0005ace6    00000006                   : timer.obj (.text:TimerClockSourceSet)
                  0005acec    00000006     rtsv7M4_T_le_v4SPD16_eabi.lib : copy_decompress_rle.obj (.text:decompress:rle24)
                  0005acf2    00000004     driverlib.lib : epi.obj (.text:EPIAddressMapSet)
                  0005acf6    00000004                   : epi.obj (.text:EPIModeSet)
                  0005acfa    00000004                   : timer.obj (.text:TimerIntClear)
                  0005acfe    00000004     rtsv7M4_T_le_v4SPD16_eabi.lib : pre_init.obj (.text)

.cinit     0    0005ad08    00000070     
                  0005ad08    0000004c     (.cinit..data.load) [load image, compression = rle]
                  0005ad54    0000000c     (__TI_handler_table)
                  0005ad60    00000008     (.cinit..bss.load) [load image, compression = zero_init]
                  0005ad68    00000010     (__TI_cinit_table)

.init_array 
*          0    00000000    00000000     UNINITIALIZED

.stack     0    20000000    00000200     UNINITIALIZED
                  20000000    00000200     --HOLE--

.data      0    20000200    00000070     UNINITIALIZED
                  20000200    0000004a     TFT_Touch.obj (.data)
                  2000024a    00000002     --HOLE--
                  2000024c    00000008     TFT_400x240_OTM4001A_16bit.obj (.data)
                  20000254    00000008     rtsv7M4_T_le_v4SPD16_eabi.lib : _lock.obj (.data)
                  2000025c    00000008                                   : exit.obj (.data)
                  20000264    00000005     uartstdio.obj (.data)
                  20000269    00000003     --HOLE--
                  2000026c    00000004     rtsv7M4_T_le_v4SPD16_eabi.lib : stkdepth_vars.obj (.data)

.bss       0    20000270    0000003c     UNINITIALIZED
                  20000270    00000018     (.common:TouchXData)
                  20000288    00000018     (.common:TouchYData)
                  200002a0    00000004     (.common:g_ui32SysClock)
                  200002a4    00000004     (.common:ulADC0_Value)
                  200002a8    00000004     (.common:v)

.TI.persistent 
*          0    20000200    00000000     UNINITIALIZED

.TI.noinit 
*          0    20000270    00000000     UNINITIALIZED


LINKER GENERATED COPY TABLES

__TI_cinit_table @ 0005ad68 records: 2, size/record: 8, table size: 16
	.data: load addr=0005ad08, load size=0000004c bytes, run addr=20000200, run size=00000070 bytes, compression=rle
	.bss: load addr=0005ad60, load size=00000008 bytes, run addr=20000270, run size=0000003c bytes, compression=zero_init


LINKER GENERATED HANDLER TABLE

__TI_handler_table @ 0005ad54 records: 3, size/record: 4, table size: 12
	index: 0, handler: __TI_decompress_rle24
	index: 1, handler: __TI_decompress_none
	index: 2, handler: __TI_zero_init


GLOBAL SYMBOLS: SORTED ALPHABETICALLY BY Name 

address   name                     
-------   ----                     
00056b81  ADCConfig                
0005ac87  ADCIntClear              
0005a9a9  ADCIntStatus             
0005ab09  ADCProcessorTrigger      
0005a903  ADCSequenceConfigure     
0005aa67  ADCSequenceDataGet       
0005ac21  ADCSequenceEnable        
0005a3a3  ADCSequenceStepConfigure 
0005a7fd  C$$EXIT                  
0005ac4b  CPUcpsie                 
000578f7  ClearPauseKey            
0005789d  ClearStartKey            
00056ae7  ConfigureUART            
000575c9  DrawBackground           
00057729  DrawLastKey              
000577c9  DrawNextKey              
000576b9  DrawPauseKey             
00057635  DrawPict                 
00057841  DrawStartKey             
0005acf3  EPIAddressMapSet         
0005aa25  EPIConfigHB16Set         
00059e61  EPIGPIOinit              
0005acf7  EPIModeSet               
0005abf1  FPUEnable                
0005ac01  FPULazyStackingEnable    
0005a9d7  GPIODirModeSet           
00056bc1  GPIOInitial              
0005ac57  GPIOIntEnable            
0005a631  GPIOIntTypeSet           
0005a0db  GPIOPadConfigSet         
0005a725  GPIOPinConfigure         
0005acd5  GPIOPinRead              
0005ab71  GPIOPinTypeADC           
0005ab83  GPIOPinTypeEPI           
0005ab95  GPIOPinTypeGPIOInput     
0005aad9  GPIOPinTypeGPIOOutput    
0005aba7  GPIOPinTypeSSI           
0005abb9  GPIOPinTypeUART          
0005acdb  GPIOPinWrite             
00056a51  I2C0DeviceInit           
00056a3f  I2C0GPIOBEnable          
00056ac3  I2C0TubeHighSet          
00056a9f  I2C0TubeLowSet           
00056a7b  I2C0TubeSelSet           
000568af  I2C_GetACK               
0005684d  I2C_Initial              
20000244  I2C_RECV_DATA            
00056859  I2C_START                
000567e1  I2C_STOP                 
0005690f  I2C_SetNAk               
000567b5  I2C_Set_scl_high         
000567cb  I2C_Set_scl_low          
00056789  I2C_Set_sda_high         
0005679f  I2C_Set_sda_low          
00056923  I2C_TxByte               
00056b1d  InitConsole              
000581b9  InitGPIOLCDInterface     
0005a575  IntEnable                
00059c4d  IntGPIOb                 
0005ac91  IntMasterEnable          
0005aa01  IntPrioritySet           
20000210  KFP_V                    
0005ac7b  ResetISR                 
UNDEFED   SHT$$INIT_ARRAY$$Base    
UNDEFED   SHT$$INIT_ARRAY$$Limit   
0005a841  SSIConfigSetExpClk       
0005ac63  SSIDataGet               
0005abcb  SSIDataGetNonBlocking    
0005ac9b  SSIDataPut               
0005aca5  SSIEnable                
00059885  SSIinit                  
000599d3  SoftSPI_GetData          
00059953  SoftSPI_PutData          
000598ed  SoftSPIinit              
00057cad  SoundSet                 
00059c65  SysCtlClockFreqSet       
0005ace1  SysCtlDelay              
0005aa85  SysCtlGPIOAHBEnable      
0005a941  SysCtlPeripheralEnable   
0005a975  SysCtlPeripheralPresent  
0005ab21  SysTickIntEnable         
00057ef3  SysTickIntHandler        
0005ac11  SysTickPeriodSet         
00058d8d  TFTLCD_CLEAR             
00059069  TFTLCD_DrawHorizontalLine
00059119  TFTLCD_DrawLine          
00058c7d  TFTLCD_DrawPoint         
0005758d  TFTLCD_DrawTriangle      
000590b3  TFTLCD_DrawVerticalLine  
00058277  TFTLCD_EnterSleep        
000582f7  TFTLCD_ExitSleep         
00058de1  TFTLCD_FillBlock         
00058bb1  TFTLCD_REFRESH_GRAM      
00058bc5  TFTLCD_SetPos            
00058c9f  TFTLCD_ShowChar          
00058e49  TFTLCD_ShowData          
00058f51  TFTLCD_ShowPicture       
00058d2f  TFTLCD_ShowString        
000583ad  TFT_400x240_OTM4001Ainit 
00059bbd  TOUCH_PointAdjust        
00057945  TOUCH_PressKey           
00059b85  TOUCH_TSC2046init        
00057417  Timer0AIntHandler        
00056ccd  Timer0BIntHandler        
0005ace7  TimerClockSourceSet      
0005a5d5  TimerConfigure           
0005ab35  TimerDisable             
0005ac2f  TimerEnable              
0005acfb  TimerIntClear            
0005accd  TimerIntEnable           
00056c13  TimerIntInitial          
0005acaf  TimerIntStatus           
0005abdd  TimerLoadSet             
20000240  Timernum                 
0005991f  TouchInit                
20000270  TouchXData               
20000288  TouchYData               
0005acb9  UARTCharGet              
0005acc3  UARTCharPut              
0005a883  UARTConfigSetExpClk      
0005aaa1  UARTDisable              
0005ab49  UARTEnable               
000593e9  UARTStdioConfig          
00056b4d  UART_initial             
0005952f  UARTgetc                 
00059475  UARTgets                 
0005984f  UARTprintf               
00059555  UARTvprintf              
0005942f  UARTwrite                
20000250  WriteCommand             
2000024c  WriteData                
20000200  __STACK_END              
00000200  __STACK_SIZE             
20000200  __STACK_TOP              
0005ad68  __TI_CINIT_Base          
0005ad78  __TI_CINIT_Limit         
0005ad54  __TI_Handler_Table_Base  
0005ad60  __TI_Handler_Table_Limit 
0005a49d  __TI_auto_init           
2000025c  __TI_cleanup_ptr         
0005ac3d  __TI_decompress_none     
0005aced  __TI_decompress_rle24    
20000260  __TI_dtors_ptr           
00000000  __TI_static_base__       
0005ac6f  __TI_zero_init           
0005a7b5  __aeabi_d2f              
00059fa5  __aeabi_ddiv             
0005a20b  __aeabi_dmul             
0005a573  __aeabi_idiv0            
0005a423  __aeabi_memclr           
0005a423  __aeabi_memclr4          
0005a423  __aeabi_memclr8          
0005a307  __aeabi_memcpy           
0005a307  __aeabi_memcpy4          
0005a307  __aeabi_memcpy8          
0005a425  __aeabi_memset           
0005a425  __aeabi_memset4          
0005a425  __aeabi_memset8          
0005aa47  __aeabi_ui2d             
0005a8c3  __aeabi_uidiv            
0005a8c3  __aeabi_uidivmod         
ffffffff  __binit__                
ffffffff  __c_args__               
20000000  __stack                  
0005aaf1  _args_main               
0005a689  _c_int00                 
20000254  _lock                    
0005ab6b  _nop                     
0005ab63  _register_lock           
0005ab5d  _register_unlock         
0005acff  _system_pre_init         
20000258  _unlock                  
0005a801  abort                    
00055df0  asc2_1608                
ffffffff  binit                    
0005a6d9  copy_in                  
20000208  count                    
20000204  cur_music                
0005a809  exit                     
00000208  gImage_back              
00051098  gImage_eason             
00042890  gImage_eason2            
000475e8  gImage_eason3            
0004c340  gImage_eason4            
0003da70  gImage_jay               
0002f010  gImage_jay2              
00033e30  gImage_jay3              
00038c50  gImage_jay4              
00000000  g_pfnVectors             
200002a0  g_ui32SysClock           
20000200  g_ui32SysCount           
00056995  i2c_write                
00057ab5  identify_key             
20000230  last                     
00057f05  main                     
2000026c  main_func_sp             
0005a307  memcpy                   
0005a42b  memset                   
20000234  next                     
2000022c  pause                    
2000020c  pauseflag                
20000228  play                     
00057be1  play_music               
20000238  sound                    
00059a65  touch_getx               
00059af5  touch_gety               
200002a4  ulADC0_Value             
200002a8  v                        


GLOBAL SYMBOLS: SORTED BY Symbol Address 

address   name                     
-------   ----                     
00000000  __TI_static_base__       
00000000  g_pfnVectors             
00000200  __STACK_SIZE             
00000208  gImage_back              
0002f010  gImage_jay2              
00033e30  gImage_jay3              
00038c50  gImage_jay4              
0003da70  gImage_jay               
00042890  gImage_eason2            
000475e8  gImage_eason3            
0004c340  gImage_eason4            
00051098  gImage_eason             
00055df0  asc2_1608                
00056789  I2C_Set_sda_high         
0005679f  I2C_Set_sda_low          
000567b5  I2C_Set_scl_high         
000567cb  I2C_Set_scl_low          
000567e1  I2C_STOP                 
0005684d  I2C_Initial              
00056859  I2C_START                
000568af  I2C_GetACK               
0005690f  I2C_SetNAk               
00056923  I2C_TxByte               
00056995  i2c_write                
00056a3f  I2C0GPIOBEnable          
00056a51  I2C0DeviceInit           
00056a7b  I2C0TubeSelSet           
00056a9f  I2C0TubeLowSet           
00056ac3  I2C0TubeHighSet          
00056ae7  ConfigureUART            
00056b1d  InitConsole              
00056b4d  UART_initial             
00056b81  ADCConfig                
00056bc1  GPIOInitial              
00056c13  TimerIntInitial          
00056ccd  Timer0BIntHandler        
00057417  Timer0AIntHandler        
0005758d  TFTLCD_DrawTriangle      
000575c9  DrawBackground           
00057635  DrawPict                 
000576b9  DrawPauseKey             
00057729  DrawLastKey              
000577c9  DrawNextKey              
00057841  DrawStartKey             
0005789d  ClearStartKey            
000578f7  ClearPauseKey            
00057945  TOUCH_PressKey           
00057ab5  identify_key             
00057be1  play_music               
00057cad  SoundSet                 
00057ef3  SysTickIntHandler        
00057f05  main                     
000581b9  InitGPIOLCDInterface     
00058277  TFTLCD_EnterSleep        
000582f7  TFTLCD_ExitSleep         
000583ad  TFT_400x240_OTM4001Ainit 
00058bb1  TFTLCD_REFRESH_GRAM      
00058bc5  TFTLCD_SetPos            
00058c7d  TFTLCD_DrawPoint         
00058c9f  TFTLCD_ShowChar          
00058d2f  TFTLCD_ShowString        
00058d8d  TFTLCD_CLEAR             
00058de1  TFTLCD_FillBlock         
00058e49  TFTLCD_ShowData          
00058f51  TFTLCD_ShowPicture       
00059069  TFTLCD_DrawHorizontalLine
000590b3  TFTLCD_DrawVerticalLine  
00059119  TFTLCD_DrawLine          
000593e9  UARTStdioConfig          
0005942f  UARTwrite                
00059475  UARTgets                 
0005952f  UARTgetc                 
00059555  UARTvprintf              
0005984f  UARTprintf               
00059885  SSIinit                  
000598ed  SoftSPIinit              
0005991f  TouchInit                
00059953  SoftSPI_PutData          
000599d3  SoftSPI_GetData          
00059a65  touch_getx               
00059af5  touch_gety               
00059b85  TOUCH_TSC2046init        
00059bbd  TOUCH_PointAdjust        
00059c4d  IntGPIOb                 
00059c65  SysCtlClockFreqSet       
00059e61  EPIGPIOinit              
00059fa5  __aeabi_ddiv             
0005a0db  GPIOPadConfigSet         
0005a20b  __aeabi_dmul             
0005a307  __aeabi_memcpy           
0005a307  __aeabi_memcpy4          
0005a307  __aeabi_memcpy8          
0005a307  memcpy                   
0005a3a3  ADCSequenceStepConfigure 
0005a423  __aeabi_memclr           
0005a423  __aeabi_memclr4          
0005a423  __aeabi_memclr8          
0005a425  __aeabi_memset           
0005a425  __aeabi_memset4          
0005a425  __aeabi_memset8          
0005a42b  memset                   
0005a49d  __TI_auto_init           
0005a573  __aeabi_idiv0            
0005a575  IntEnable                
0005a5d5  TimerConfigure           
0005a631  GPIOIntTypeSet           
0005a689  _c_int00                 
0005a6d9  copy_in                  
0005a725  GPIOPinConfigure         
0005a7b5  __aeabi_d2f              
0005a7fd  C$$EXIT                  
0005a801  abort                    
0005a809  exit                     
0005a841  SSIConfigSetExpClk       
0005a883  UARTConfigSetExpClk      
0005a8c3  __aeabi_uidiv            
0005a8c3  __aeabi_uidivmod         
0005a903  ADCSequenceConfigure     
0005a941  SysCtlPeripheralEnable   
0005a975  SysCtlPeripheralPresent  
0005a9a9  ADCIntStatus             
0005a9d7  GPIODirModeSet           
0005aa01  IntPrioritySet           
0005aa25  EPIConfigHB16Set         
0005aa47  __aeabi_ui2d             
0005aa67  ADCSequenceDataGet       
0005aa85  SysCtlGPIOAHBEnable      
0005aaa1  UARTDisable              
0005aad9  GPIOPinTypeGPIOOutput    
0005aaf1  _args_main               
0005ab09  ADCProcessorTrigger      
0005ab21  SysTickIntEnable         
0005ab35  TimerDisable             
0005ab49  UARTEnable               
0005ab5d  _register_unlock         
0005ab63  _register_lock           
0005ab6b  _nop                     
0005ab71  GPIOPinTypeADC           
0005ab83  GPIOPinTypeEPI           
0005ab95  GPIOPinTypeGPIOInput     
0005aba7  GPIOPinTypeSSI           
0005abb9  GPIOPinTypeUART          
0005abcb  SSIDataGetNonBlocking    
0005abdd  TimerLoadSet             
0005abf1  FPUEnable                
0005ac01  FPULazyStackingEnable    
0005ac11  SysTickPeriodSet         
0005ac21  ADCSequenceEnable        
0005ac2f  TimerEnable              
0005ac3d  __TI_decompress_none     
0005ac4b  CPUcpsie                 
0005ac57  GPIOIntEnable            
0005ac63  SSIDataGet               
0005ac6f  __TI_zero_init           
0005ac7b  ResetISR                 
0005ac87  ADCIntClear              
0005ac91  IntMasterEnable          
0005ac9b  SSIDataPut               
0005aca5  SSIEnable                
0005acaf  TimerIntStatus           
0005acb9  UARTCharGet              
0005acc3  UARTCharPut              
0005accd  TimerIntEnable           
0005acd5  GPIOPinRead              
0005acdb  GPIOPinWrite             
0005ace1  SysCtlDelay              
0005ace7  TimerClockSourceSet      
0005aced  __TI_decompress_rle24    
0005acf3  EPIAddressMapSet         
0005acf7  EPIModeSet               
0005acfb  TimerIntClear            
0005acff  _system_pre_init         
0005ad54  __TI_Handler_Table_Base  
0005ad60  __TI_Handler_Table_Limit 
0005ad68  __TI_CINIT_Base          
0005ad78  __TI_CINIT_Limit         
20000000  __stack                  
20000200  __STACK_END              
20000200  __STACK_TOP              
20000200  g_ui32SysCount           
20000204  cur_music                
20000208  count                    
2000020c  pauseflag                
20000210  KFP_V                    
20000228  play                     
2000022c  pause                    
20000230  last                     
20000234  next                     
20000238  sound                    
20000240  Timernum                 
20000244  I2C_RECV_DATA            
2000024c  WriteData                
20000250  WriteCommand             
20000254  _lock                    
20000258  _unlock                  
2000025c  __TI_cleanup_ptr         
20000260  __TI_dtors_ptr           
2000026c  main_func_sp             
20000270  TouchXData               
20000288  TouchYData               
200002a0  g_ui32SysClock           
200002a4  ulADC0_Value             
200002a8  v                        
ffffffff  __binit__                
ffffffff  __c_args__               
ffffffff  binit                    
UNDEFED   SHT$$INIT_ARRAY$$Base    
UNDEFED   SHT$$INIT_ARRAY$$Limit   

[208 symbols]
